Product: MDK-ARM Standard 5.10
Component: ARM Compiler 5.04 update 1 (build 49)
Tool: armlink [5040049]

==============================================================================

Section Cross References

    startup_stm32f10x_hd.o(RESET) refers to startup_stm32f10x_hd.o(STACK) for __initial_sp
    startup_stm32f10x_hd.o(RESET) refers to startup_stm32f10x_hd.o(.text) for Reset_Handler
    startup_stm32f10x_hd.o(RESET) refers to stm32f10x_it.o(i.NMI_Handler) for NMI_Handler
    startup_stm32f10x_hd.o(RESET) refers to stm32f10x_it.o(i.HardFault_Handler) for HardFault_Handler
    startup_stm32f10x_hd.o(RESET) refers to stm32f10x_it.o(i.MemManage_Handler) for MemManage_Handler
    startup_stm32f10x_hd.o(RESET) refers to stm32f10x_it.o(i.BusFault_Handler) for BusFault_Handler
    startup_stm32f10x_hd.o(RESET) refers to stm32f10x_it.o(i.UsageFault_Handler) for UsageFault_Handler
    startup_stm32f10x_hd.o(RESET) refers to stm32f10x_it.o(i.SVC_Handler) for SVC_Handler
    startup_stm32f10x_hd.o(RESET) refers to stm32f10x_it.o(i.DebugMon_Handler) for DebugMon_Handler
    startup_stm32f10x_hd.o(RESET) refers to stm32f10x_it.o(i.PendSV_Handler) for PendSV_Handler
    startup_stm32f10x_hd.o(RESET) refers to stm32f10x_it.o(i.SysTick_Handler) for SysTick_Handler
    startup_stm32f10x_hd.o(RESET) refers to bsp_usart_dma.o(i.DMA1_Channel4_IRQHandler) for DMA1_Channel4_IRQHandler
    startup_stm32f10x_hd.o(RESET) refers to bsp_usart_dma.o(i.USART1_IRQHandler) for USART1_IRQHandler
    startup_stm32f10x_hd.o(RESET) refers to bsp_timbase.o(i.TIM6_IRQHandler) for TIM6_IRQHandler
    startup_stm32f10x_hd.o(.text) refers to system_stm32f10x.o(i.SystemInit) for SystemInit
    startup_stm32f10x_hd.o(.text) refers to entry.o(.ARM.Collect$$$$00000000) for __main
    system_stm32f10x.o(i.SetSysClock) refers to system_stm32f10x.o(i.SetSysClockTo72) for SetSysClockTo72
    system_stm32f10x.o(i.SystemCoreClockUpdate) refers to system_stm32f10x.o(.data) for SystemCoreClock
    system_stm32f10x.o(i.SystemInit) refers to system_stm32f10x.o(i.SetSysClock) for SetSysClock
    stm32f10x_adc.o(i.ADC_DeInit) refers to stm32f10x_rcc.o(i.RCC_APB2PeriphResetCmd) for RCC_APB2PeriphResetCmd
    stm32f10x_bkp.o(i.BKP_DeInit) refers to stm32f10x_rcc.o(i.RCC_BackupResetCmd) for RCC_BackupResetCmd
    stm32f10x_can.o(i.CAN_DeInit) refers to stm32f10x_rcc.o(i.RCC_APB1PeriphResetCmd) for RCC_APB1PeriphResetCmd
    stm32f10x_can.o(i.CAN_GetITStatus) refers to stm32f10x_can.o(i.CheckITStatus) for CheckITStatus
    stm32f10x_cec.o(i.CEC_DeInit) refers to stm32f10x_rcc.o(i.RCC_APB1PeriphResetCmd) for RCC_APB1PeriphResetCmd
    stm32f10x_dac.o(i.DAC_DeInit) refers to stm32f10x_rcc.o(i.RCC_APB1PeriphResetCmd) for RCC_APB1PeriphResetCmd
    stm32f10x_flash.o(i.FLASH_EnableWriteProtection) refers to stm32f10x_flash.o(i.FLASH_WaitForLastOperation) for FLASH_WaitForLastOperation
    stm32f10x_flash.o(i.FLASH_EraseAllBank1Pages) refers to stm32f10x_flash.o(i.FLASH_WaitForLastBank1Operation) for FLASH_WaitForLastBank1Operation
    stm32f10x_flash.o(i.FLASH_EraseAllPages) refers to stm32f10x_flash.o(i.FLASH_WaitForLastOperation) for FLASH_WaitForLastOperation
    stm32f10x_flash.o(i.FLASH_EraseOptionBytes) refers to stm32f10x_flash.o(i.FLASH_GetReadOutProtectionStatus) for FLASH_GetReadOutProtectionStatus
    stm32f10x_flash.o(i.FLASH_EraseOptionBytes) refers to stm32f10x_flash.o(i.FLASH_WaitForLastOperation) for FLASH_WaitForLastOperation
    stm32f10x_flash.o(i.FLASH_ErasePage) refers to stm32f10x_flash.o(i.FLASH_WaitForLastOperation) for FLASH_WaitForLastOperation
    stm32f10x_flash.o(i.FLASH_ProgramHalfWord) refers to stm32f10x_flash.o(i.FLASH_WaitForLastOperation) for FLASH_WaitForLastOperation
    stm32f10x_flash.o(i.FLASH_ProgramOptionByteData) refers to stm32f10x_flash.o(i.FLASH_WaitForLastOperation) for FLASH_WaitForLastOperation
    stm32f10x_flash.o(i.FLASH_ProgramWord) refers to stm32f10x_flash.o(i.FLASH_WaitForLastOperation) for FLASH_WaitForLastOperation
    stm32f10x_flash.o(i.FLASH_ReadOutProtection) refers to stm32f10x_flash.o(i.FLASH_WaitForLastOperation) for FLASH_WaitForLastOperation
    stm32f10x_flash.o(i.FLASH_UserOptionByteConfig) refers to stm32f10x_flash.o(i.FLASH_WaitForLastOperation) for FLASH_WaitForLastOperation
    stm32f10x_flash.o(i.FLASH_WaitForLastBank1Operation) refers to stm32f10x_flash.o(i.FLASH_GetBank1Status) for FLASH_GetBank1Status
    stm32f10x_flash.o(i.FLASH_WaitForLastOperation) refers to stm32f10x_flash.o(i.FLASH_GetBank1Status) for FLASH_GetBank1Status
    stm32f10x_gpio.o(i.GPIO_AFIODeInit) refers to stm32f10x_rcc.o(i.RCC_APB2PeriphResetCmd) for RCC_APB2PeriphResetCmd
    stm32f10x_gpio.o(i.GPIO_DeInit) refers to stm32f10x_rcc.o(i.RCC_APB2PeriphResetCmd) for RCC_APB2PeriphResetCmd
    stm32f10x_i2c.o(i.I2C_DeInit) refers to stm32f10x_rcc.o(i.RCC_APB1PeriphResetCmd) for RCC_APB1PeriphResetCmd
    stm32f10x_i2c.o(i.I2C_Init) refers to stm32f10x_rcc.o(i.RCC_GetClocksFreq) for RCC_GetClocksFreq
[...]
    i.DisplayString                          0x08000c6e   Section        0  bsp_hj12864d.o(i.DisplayString)
    i.Display_GBK12X12                       0x08000f3c   Section        0  bsp_hj12864d.o(i.Display_GBK12X12)
    i.Display_Graphic_XXX                    0x08000fb0   Section        0  bsp_hj12864d.o(i.Display_Graphic_XXX)
    i.Display_One_8x16                       0x080010fc   Section        0  bsp_hj12864d.o(i.Display_One_8x16)
    i.ErrorDisplay                           0x08001334   Section        0  bsp_hj12864d.o(i.ErrorDisplay)
    i.ErrorListGet                           0x08001568   Section        0  bsp_updowndata.o(i.ErrorListGet)
    i.ErrorListShow                          0x080015d4   Section        0  bsp_hj12864d.o(i.ErrorListShow)
    i.FactoryData_Read_Save                  0x080018bc   Section        0  bsp_setdata_eeprom.o(i.FactoryData_Read_Save)
    i.FactoryRecoverFromFactory              0x08001938   Section        0  bsp_setdata_eeprom.o(i.FactoryRecoverFromFactory)
    i.FactorySettingData_Save                0x08001940   Section        0  bsp_setdata_eeprom.o(i.FactorySettingData_Save)
    i.GENERAL_TIM_GPIO_Config                0x0800197c   Section        0  bsp_generaltim_pwm.o(i.GENERAL_TIM_GPIO_Config)
    GENERAL_TIM_GPIO_Config                  0x0800197d   Thumb Code    40  bsp_generaltim_pwm.o(i.GENERAL_TIM_GPIO_Config)
    i.GENERAL_TIM_Mode_Config                0x080019a8   Section        0  bsp_generaltim_pwm.o(i.GENERAL_TIM_Mode_Config)
    GENERAL_TIM_Mode_Config                  0x080019a9   Thumb Code    96  bsp_generaltim_pwm.o(i.GENERAL_TIM_Mode_Config)
    i.GPIO_Configuration                     0x08001a0c   Section        0  bsp_hj12864d.o(i.GPIO_Configuration)
    i.GPIO_Configuration                     0x08001a60   Section        0  bsp_sd3078.o(i.GPIO_Configuration)
    GPIO_Configuration                       0x08001a61   Thumb Code    68  bsp_sd3078.o(i.GPIO_Configuration)
    i.GPIO_Configuration_in                  0x08001aa8   Section        0  bsp_hj12864d.o(i.GPIO_Configuration_in)
    i.GPIO_Init                              0x08001ac4   Section        0  stm32f10x_gpio.o(i.GPIO_Init)
    i.GPIO_PinRemapConfig                    0x08001bdc   Section        0  stm32f10x_gpio.o(i.GPIO_PinRemapConfig)
    i.GPIO_ReadInputDataBit                  0x08001c6c   Section        0  stm32f10x_gpio.o(i.GPIO_ReadInputDataBit)
    i.GPIO_ResetBits                         0x08001c7e   Section        0  stm32f10x_gpio.o(i.GPIO_ResetBits)
    i.GPIO_SetBits                           0x08001c82   Section        0  stm32f10x_gpio.o(i.GPIO_SetBits)
    i.HJ12864D_Init                          0x08001c86   Section        0  bsp_hj12864d.o(i.HJ12864D_Init)
    i.HardFault_Handler                      0x08001c98   Section        0  stm32f10x_it.o(i.HardFault_Handler)
    i.HeartBeat                              0x08001c9c   Section        0  bsp_updowndata.o(i.HeartBeat)
    i.I2CAck                                 0x08001d10   Section        0  bsp_sd3078.o(i.I2CAck)
    I2CAck                                   0x08001d11   Thumb Code    54  bsp_sd3078.o(i.I2CAck)
    i.I2CNoAck                               0x08001d4c   Section        0  bsp_sd3078.o(i.I2CNoAck)
    I2CNoAck                                 0x08001d4d   Thumb Code    56  bsp_sd3078.o(i.I2CNoAck)
    i.I2CReadSerial                          0x08001d88   Section        0  bsp_sd3078.o(i.I2CReadSerial)
    i.I2CReceiveByte                         0x08001df0   Section        0  bsp_sd3078.o(i.I2CReceiveByte)
    I2CReceiveByte                           0x08001df1   Thumb Code    84  bsp_sd3078.o(i.I2CReceiveByte)
    i.I2CSendByte                            0x08001e48   Section        0  bsp_sd3078.o(i.I2CSendByte)
    I2CSendByte                              0x08001e49   Thumb Code    88  bsp_sd3078.o(i.I2CSendByte)
    i.I2CStart                               0x08001ea4   Section        0  bsp_sd3078.o(i.I2CStart)
    I2CStart                                 0x08001ea5   Thumb Code    74  bsp_sd3078.o(i.I2CStart)
    i.I2CStop                                0x08001ef4   Section        0  bsp_sd3078.o(i.I2CStop)
    I2CStop                                  0x08001ef5   Thumb Code    56  bsp_sd3078.o(i.I2CStop)
    i.I2CWaitAck                             0x08001f30   Section        0  bsp_sd3078.o(i.I2CWaitAck)
    I2CWaitAck                               0x08001f31   Thumb Code    78  bsp_sd3078.o(i.I2CWaitAck)
    i.I2CWriteSerial                         0x08001f84   Section        0  bsp_sd3078.o(i.I2CWriteSerial)
    i.I2Cdelay                               0x08001fe4   Section        0  bsp_sd3078.o(i.I2Cdelay)
    I2Cdelay                                 0x08001fe5   Thumb Code    14  bsp_sd3078.o(i.I2Cdelay)
    i.IIC_Init                               0x08001ff2   Section        0  bsp_sd3078.o(i.IIC_Init)
    i.IWDG_Config                            0x08001ffa   Section        0  bsp_iwdg.o(i.IWDG_Config)
    i.IWDG_Enable                            0x08002020   Section        0  stm32f10x_iwdg.o(i.IWDG_Enable)
    i.IWDG_Feed                              0x08002030   Section        0  bsp_iwdg.o(i.IWDG_Feed)
    i.IWDG_Init                              0x0800204c   Section        0  bsp_iwdg.o(i.IWDG_Init)
    i.IWDG_ReloadCounter                     0x0800205c   Section        0  stm32f10x_iwdg.o(i.IWDG_ReloadCounter)
    i.IWDG_SetPrescaler                      0x0800206c   Section        0  stm32f10x_iwdg.o(i.IWDG_SetPrescaler)
    i.IWDG_SetReload                         0x08002078   Section        0  stm32f10x_iwdg.o(i.IWDG_SetReload)
    i.IWDG_WriteAccessCmd                    0x08002084   Section        0  stm32f10x_iwdg.o(i.IWDG_WriteAccessCmd)
    i.KeyCtrl                                0x08002090   Section        0  bsp_key.o(i.KeyCtrl)
    i.KeyData                                0x0800428c   Section        0  bsp_key.o(i.KeyData)
    i.KeyScan                                0x08004348   Section        0  bsp_key.o(i.KeyScan)
    i.Key_IO_Init                            0x0800443c   Section        0  bsp_key.o(i.Key_IO_Init)
    i.LEDCtrl                                0x080044bc   Section        0  bsp_led.o(i.LEDCtrl)
    i.LED_IO_Init                            0x08004538   Section        0  bsp_led.o(i.LED_IO_Init)
    i.LocalDataReadOut                       0x080045d0   Section        0  bsp_setdata_eeprom.o(i.LocalDataReadOut)
    i.LocalDataSave                          0x08004608   Section        0  bsp_setdata_eeprom.o(i.LocalDataSave)
    i.MYDMA_Enable                           0x08004634   Section        0  bsp_usart_dma.o(i.MYDMA_Enable)
    i.MemManage_Handler                      0x08004652   Section        0  stm32f10x_it.o(i.MemManage_Handler)
    i.NMI_Handler                            0x08004656   Section        0  stm32f10x_it.o(i.NMI_Handler)
    i.NVIC_Init                              0x08004658   Section        0  misc.o(i.NVIC_Init)
    i.NVIC_PriorityGroupConfig               0x080046c8   Section        0  misc.o(i.NVIC_PriorityGroupConfig)
    i.OFFLineSettingData_Read                0x080046dc   Section        0  bsp_setdata_eeprom.o(i.OFFLineSettingData_Read)
    i.OFFLineSettingData_Save                0x0800474c   Section        0  bsp_setdata_eeprom.o(i.OFFLineSettingData_Save)
    i.OfflineDataRecovery                    0x08004788   Section        0  bsp_setdata_eeprom.o(i.OfflineDataRecovery)
    i.PORT_Assignment                        0x080047ac   Section        0  bsp_hj12864d.o(i.PORT_Assignment)
    i.Page0                                  0x08004878   Section        0  bsp_hj12864d.o(i.Page0)
    i.Page1                                  0x08004894   Section        0  bsp_hj12864d.o(i.Page1)
    i.Page10                                 0x08004a40   Section        0  bsp_hj12864d.o(i.Page10)
    i.Page11                                 0x08004b0c   Section        0  bsp_hj12864d.o(i.Page11)
    i.Page12                                 0x08004c74   Section        0  bsp_hj12864d.o(i.Page12)
    i.Page13                                 0x08004d60   Section        0  bsp_hj12864d.o(i.Page13)
    i.Page14                                 0x08004da8   Section        0  bsp_hj12864d.o(i.Page14)
    i.Page15                                 0x08004df0   Section        0  bsp_hj12864d.o(i.Page15)
    i.Page16                                 0x08004e60   Section        0  bsp_hj12864d.o(i.Page16)
    i.Page18                                 0x08004f3c   Section        0  bsp_hj12864d.o(i.Page18)
    i.Page19                                 0x080050a4   Section        0  bsp_hj12864d.o(i.Page19)
    i.Page2                                  0x08005170   Section        0  bsp_hj12864d.o(i.Page2)
    i.Page20                                 0x08005398   Section        0  bsp_hj12864d.o(i.Page20)
    i.Page21                                 0x0800566c   Section        0  bsp_hj12864d.o(i.Page21)
    i.Page22                                 0x08005a2c   Section        0  bsp_hj12864d.o(i.Page22)
    i.Page23                                 0x08005d84   Section        0  bsp_hj12864d.o(i.Page23)
    i.Page24                                 0x08005dd0   Section        0  bsp_hj12864d.o(i.Page24)
    i.Page25                                 0x08005e1c   Section        0  bsp_hj12864d.o(i.Page25)
    i.Page26                                 0x08005f9c   Section        0  bsp_hj12864d.o(i.Page26)
    i.Page27                                 0x08005fe4   Section        0  bsp_hj12864d.o(i.Page27)
    i.Page28                                 0x08006278   Section        0  bsp_hj12864d.o(i.Page28)
    i.Page29                                 0x080062bc   Section        0  bsp_hj12864d.o(i.Page29)
    i.Page3                                  0x08006300   Section        0  bsp_hj12864d.o(i.Page3)
    i.Page30                                 0x08006464   Section        0  bsp_hj12864d.o(i.Page30)
    i.Page31                                 0x080064a8   Section        0  bsp_hj12864d.o(i.Page31)
    i.Page32                                 0x080064f0   Section        0  bsp_hj12864d.o(i.Page32)
    i.Page33                                 0x08006534   Section        0  bsp_hj12864d.o(i.Page33)
    i.Page33_TimeShow                        0x08006878   Section        0  bsp_hj12864d.o(i.Page33_TimeShow)
    i.Page34                                 0x080069e4   Section        0  bsp_hj12864d.o(i.Page34)
    i.Page35                                 0x08006d4c   Section        0  bsp_hj12864d.o(i.Page35)
    i.Page36                                 0x08006d84   Section        0  bsp_hj12864d.o(i.Page36)
    i.Page4                                  0x08006e20   Section        0  bsp_hj12864d.o(i.Page4)
    i.Page5                                  0x08006ef0   Section        0  bsp_hj12864d.o(i.Page5)
    i.Page6                                  0x08007254   Section        0  bsp_hj12864d.o(i.Page6)
    i.Page7                                  0x08007320   Section        0  bsp_hj12864d.o(i.Page7)
    i.Page8                                  0x08007360   Section        0  bsp_hj12864d.o(i.Page8)
    i.Page9                                  0x08007828   Section        0  bsp_hj12864d.o(i.Page9)
    i.PendSV_Handler                         0x08007d24   Section        0  stm32f10x_it.o(i.PendSV_Handler)
    i.RCC_AHBPeriphClockCmd                  0x08007d28   Section        0  stm32f10x_rcc.o(i.RCC_AHBPeriphClockCmd)
    i.RCC_APB1PeriphClockCmd                 0x08007d48   Section        0  stm32f10x_rcc.o(i.RCC_APB1PeriphClockCmd)
    i.RCC_APB2PeriphClockCmd                 0x08007d68   Section        0  stm32f10x_rcc.o(i.RCC_APB2PeriphClockCmd)
    i.RCC_GetClocksFreq                      0x08007d88   Section        0  stm32f10x_rcc.o(i.RCC_GetClocksFreq)
    i.RS422_IO_Init                          0x08007e5c   Section        0  bsp_usart_dma.o(i.RS422_IO_Init)
    RS422_IO_Init                            0x08007e5d   Thumb Code    60  bsp_usart_dma.o(i.RS422_IO_Init)
    i.RTCDataGet                             0x08007e9c   Section        0  bsp_sd3078.o(i.RTCDataGet)
    i.RTCUpdata                              0x08007ed0   Section        0  bsp_hj12864d.o(i.RTCUpdata)
    i.RTC_ReadDate                           0x08007f3c   Section        0  bsp_sd3078.o(i.RTC_ReadDate)
    i.RTC_WriteDate                          0x08007fc2   Section        0  bsp_sd3078.o(i.RTC_WriteDate)
    i.RecoverData_Read                       0x08008044   Section        0  bsp_setdata_eeprom.o(i.RecoverData_Read)
    i.RecoverData_Write                      0x08008108   Section        0  bsp_setdata_eeprom.o(i.RecoverData_Write)
    i.SD3078Init                             0x08008214   Section        0  bsp_sd3078.o(i.SD3078Init)
    i.SPI_Cmd                                0x0800825c   Section        0  stm32f10x_spi.o(i.SPI_Cmd)
    i.SPI_FLASH_BufferRead                   0x08008274   Section        0  bsp_spi_flash.o(i.SPI_FLASH_BufferRead)
    i.SPI_FLASH_Init                         0x080082c4   Section        0  bsp_spi_flash.o(i.SPI_FLASH_Init)
    i.SPI_FLASH_SendByte                     0x08008380   Section        0  bsp_spi_flash.o(i.SPI_FLASH_SendByte)
    i.SPI_I2S_GetFlagStatus                  0x080083f8   Section        0  stm32f10x_spi.o(i.SPI_I2S_GetFlagStatus)
    i.SPI_I2S_ReceiveData                    0x0800840a   Section        0  stm32f10x_spi.o(i.SPI_I2S_ReceiveData)
    i.SPI_I2S_SendData                       0x08008410   Section        0  stm32f10x_spi.o(i.SPI_I2S_SendData)
    i.SPI_Init                               0x08008414   Section        0  stm32f10x_spi.o(i.SPI_Init)
    i.SPI_TIMEOUT_UserCallback               0x08008450   Section        0  bsp_spi_flash.o(i.SPI_TIMEOUT_UserCallback)
    SPI_TIMEOUT_UserCallback                 0x08008451   Thumb Code    16  bsp_spi_flash.o(i.SPI_TIMEOUT_UserCallback)
    i.SVC_Handler                            0x08008490   Section        0  stm32f10x_it.o(i.SVC_Handler)
    i.SavingDataReadOout                     0x08008492   Section        0  bsp_setdata_eeprom.o(i.SavingDataReadOout)
    i.SendData                               0x080084c4   Section        0  bsp_updowndata.o(i.SendData)
    i.SendSetUpData                          0x08008558   Section        0  bsp_updowndata.o(i.SendSetUpData)
    i.SetSysClock                            0x080086a0   Section        0  system_stm32f10x.o(i.SetSysClock)
    SetSysClock                              0x080086a1   Thumb Code     8  system_stm32f10x.o(i.SetSysClock)
    i.SetSysClockTo72                        0x080086a8   Section        0  system_stm32f10x.o(i.SetSysClockTo72)
    SetSysClockTo72                          0x080086a9   Thumb Code   214  system_stm32f10x.o(i.SetSysClockTo72)
    i.SettingUpDisplay                       0x08008788   Section        0  bsp_hj12864d.o(i.SettingUpDisplay)
    i.SysTick_Handler                        0x0800882c   Section        0  stm32f10x_it.o(i.SysTick_Handler)
    i.SystemInit                             0x08008830   Section        0  system_stm32f10x.o(i.SystemInit)
    i.TIM6_IRQHandler                        0x08008890   Section        0  bsp_timbase.o(i.TIM6_IRQHandler)
    i.TIM_ClearFlag                          0x080089cc   Section        0  stm32f10x_tim.o(i.TIM_ClearFlag)
    i.TIM_ClearITPendingBit                  0x080089d2   Section        0  stm32f10x_tim.o(i.TIM_ClearITPendingBit)
    i.TIM_Cmd                                0x080089d8   Section        0  stm32f10x_tim.o(i.TIM_Cmd)
    i.TIM_GetITStatus                        0x080089f0   Section        0  stm32f10x_tim.o(i.TIM_GetITStatus)
    i.TIM_ITConfig                           0x08008a12   Section        0  stm32f10x_tim.o(i.TIM_ITConfig)
    i.TIM_OC4Init                            0x08008a24   Section        0  stm32f10x_tim.o(i.TIM_OC4Init)
    i.TIM_OC4PreloadConfig                   0x08008aa0   Section        0  stm32f10x_tim.o(i.TIM_OC4PreloadConfig)
    i.TIM_TimeBaseInit                       0x08008abc   Section        0  stm32f10x_tim.o(i.TIM_TimeBaseInit)
    i.TransmitData                           0x08008b60   Section        0  bsp_setdata_eeprom.o(i.TransmitData)
    i.UIDisplay                              0x08008b7c   Section        0  bsp_hj12864d.o(i.UIDisplay)
    i.USART1_IRQHandler                      0x08008e08   Section        0  bsp_usart_dma.o(i.USART1_IRQHandler)
    i.USART_ClearITPendingBit                0x08008e54   Section        0  stm32f10x_usart.o(i.USART_ClearITPendingBit)
    i.USART_Cmd                              0x08008e72   Section        0  stm32f10x_usart.o(i.USART_Cmd)
    i.USART_Config                           0x08008e8c   Section        0  bsp_usart_dma.o(i.USART_Config)
    USART_Config                             0x08008e8d   Thumb Code   170  bsp_usart_dma.o(i.USART_Config)
    i.USART_DMACmd                           0x08008f40   Section        0  stm32f10x_usart.o(i.USART_DMACmd)
    i.USART_GetFlagStatus                    0x08008f52   Section        0  stm32f10x_usart.o(i.USART_GetFlagStatus)
    i.USART_GetITStatus                      0x08008f6c   Section        0  stm32f10x_usart.o(i.USART_GetITStatus)
    i.USART_ITConfig                         0x08008fc0   Section        0  stm32f10x_usart.o(i.USART_ITConfig)
    i.USART_Init                             0x0800900c   Section        0  stm32f10x_usart.o(i.USART_Init)
    i.USART_ReceiveData                      0x080090e4   Section        0  stm32f10x_usart.o(i.USART_ReceiveData)
    i.USART_SendData                         0x080090ee   Section        0  stm32f10x_usart.o(i.USART_SendData)
    i.USARTx_DMA_Config                      0x080090f8   Section        0  bsp_usart_dma.o(i.USARTx_DMA_Config)
    USARTx_DMA_Config                        0x080090f9   Thumb Code   210  bsp_usart_dma.o(i.USARTx_DMA_Config)
    i.USARTx_DMA_Init                        0x080091dc   Section        0  bsp_usart_dma.o(i.USARTx_DMA_Init)
    i.UsageFault_Handler                     0x080091ec   Section        0  stm32f10x_it.o(i.UsageFault_Handler)
    i.WindowClear                            0x080091f0   Section        0  bsp_hj12864d.o(i.WindowClear)
    i.WriteRTC_Disable                       0x08009206   Section        0  bsp_sd3078.o(i.WriteRTC_Disable)
    i.WriteRTC_Enable                        0x0800924c   Section        0  bsp_sd3078.o(i.WriteRTC_Enable)
    i.__0printf$1                            0x080092b0   Section        0  printf1.o(i.__0printf$1)
    i.__scatterload_copy                     0x080092d0   Section       14  handlers.o(i.__scatterload_copy)
    i.__scatterload_null                     0x080092de   Section        2  handlers.o(i.__scatterload_null)
    i.__scatterload_zeroinit                 0x080092e0   Section       14  handlers.o(i.__scatterload_zeroinit)
    i._printf_core                           0x080092f0   Section        0  printf1.o(i._printf_core)
    _printf_core                             0x080092f1   Thumb Code   336  printf1.o(i._printf_core)
    i.crc16l                                 0x08009444   Section        0  bsp_updowndata.o(i.crc16l)
    i.delay                                  0x0800947a   Section        0  bsp_hj12864d.o(i.delay)
    i.delay_ms                               0x08009484   Section        0  bsp_hj12864d.o(i.delay_ms)
    i.display_graphic_12x12                  0x080094bc   Section        0  bsp_hj12864d.o(i.display_graphic_12x12)
    i.display_graphic_16x16                  0x08009652   Section        0  bsp_hj12864d.o(i.display_graphic_16x16)
    i.display_string_5x8                     0x080097e8   Section        0  bsp_hj12864d.o(i.display_string_5x8)
    i.display_string_8x16                    0x08009a74   Section        0  bsp_hj12864d.o(i.display_string_8x16)
    i.dispsameone                            0x08009cd2   Section        0  bsp_hj12864d.o(i.dispsameone)
    i.ee_CheckOk                             0x08009d56   Section        0  bsp_i2c_ee.o(i.ee_CheckOk)
    i.ee_ReadBytes                           0x08009d6c   Section        0  bsp_i2c_ee.o(i.ee_ReadBytes)
    i.ee_ReadOneBytes                        0x08009dea   Section        0  bsp_i2c_ee.o(i.ee_ReadOneBytes)
    i.ee_WriteBytes                          0x08009e4a   Section        0  bsp_i2c_ee.o(i.ee_WriteBytes)
    i.ee_WriteOneBytes                       0x08009ed8   Section        0  bsp_i2c_ee.o(i.ee_WriteOneBytes)
    i.fputc                                  0x08009f48   Section        0  bsp_usart_dma.o(i.fputc)
    i.i2c_Ack                                0x08009f6c   Section        0  bsp_i2c_gpio.o(i.i2c_Ack)
    i.i2c_CfgGpio                            0x08009f9c   Section        0  bsp_i2c_gpio.o(i.i2c_CfgGpio)
    i2c_CfgGpio                              0x08009f9d   Thumb Code    42  bsp_i2c_gpio.o(i.i2c_CfgGpio)
    i.i2c_CheckDevice                        0x08009fcc   Section        0  bsp_i2c_gpio.o(i.i2c_CheckDevice)
    i.i2c_Delay                              0x08009fec   Section        0  bsp_i2c_gpio.o(i.i2c_Delay)
    i2c_Delay                                0x08009fed   Thumb Code    14  bsp_i2c_gpio.o(i.i2c_Delay)
    i.i2c_NAck                               0x08009ffc   Section        0  bsp_i2c_gpio.o(i.i2c_NAck)
    i.i2c_ReadByte                           0x0800a024   Section        0  bsp_i2c_gpio.o(i.i2c_ReadByte)
    i.i2c_SendByte                           0x0800a068   Section        0  bsp_i2c_gpio.o(i.i2c_SendByte)
    i.i2c_Start                              0x0800a0bc   Section        0  bsp_i2c_gpio.o(i.i2c_Start)
    i.i2c_Stop                               0x0800a0ec   Section        0  bsp_i2c_gpio.o(i.i2c_Stop)
    i.i2c_WaitAck                            0x0800a10c   Section        0  bsp_i2c_gpio.o(i.i2c_WaitAck)
    i.lcdint                                 0x0800a148   Section        0  bsp_hj12864d.o(i.lcdint)
    i.main                                   0x0800a1b4   Section        0  main.o(i.main)
    i.wrcomL                                 0x0800a21c   Section        0  bsp_hj12864d.o(i.wrcomL)
    i.wrcomR                                 0x0800a280   Section        0  bsp_hj12864d.o(i.wrcomR)
    i.wrdataL                                0x0800a2e4   Section        0  bsp_hj12864d.o(i.wrdataL)
    i.wrdataR                                0x0800a348   Section        0  bsp_hj12864d.o(i.wrdataR)
    .data                                    0x20000000   Section       20  stm32f10x_rcc.o(.data)
    APBAHBPrescTable                         0x20000000   Data          16  stm32f10x_rcc.o(.data)
    ADCPrescTable                            0x20000010   Data           4  stm32f10x_rcc.o(.data)
    .data                                    0x20000014   Section        4  bsp_spi_flash.o(.data)
    SPITimeout                               0x20000014   Data           4  bsp_spi_flash.o(.data)
    .data                                    0x20000018   Section        4  bsp_usart_dma.o(.data)
    .data                                    0x2000001c   Section      976  bsp_hj12864d.o(.data)
    .data                                    0x200003ec   Section       29  bsp_key.o(.data)
    .data                                    0x2000040a   Section        4  bsp_timbase.o(.data)
    .data                                    0x2000040e   Section        1  bsp_led.o(.data)
    .data                                    0x20000410   Section       24  bsp_sd3078.o(.data)
    .data                                    0x20000428   Section        2  bsp_iwdg.o(.data)
    .data                                    0x2000042a   Section        9  bsp_updowndata.o(.data)
    .data                                    0x20000434   Section       26  bsp_setdata_eeprom.o(.data)
    .data                                    0x20000450   Section        4  stdout.o(.data)
    .bss                                     0x20000454   Section      200  bsp_usart_dma.o(.bss)
    .bss                                     0x2000051c   Section       11  bsp_hj12864d.o(.bss)
    .bss                                     0x20000528   Section       18  bsp_key.o(.bss)
    .bss                                     0x2000053a   Section       42  bsp_updowndata.o(.bss)
    .bss                                     0x20000564   Section      151  bsp_setdata_eeprom.o(.bss)
    STACK                                    0x20000600   Section     1024  startup_stm32f10x_hd.o(STACK)

    Global Symbols

    Symbol Name                              Value     Ov Type        Size  Object(Section)

    BuildAttributes$$THM_ISAv4$P$D$K$B$S$PE$A:L22UL41UL21$X:L11$S22US41US21$IEEE1$IW$USESV6$~STKCKD$USESV7$~SHL$OSPACE$ROPI$EBA8$MICROLIB$REQ8$PRES8$EABIv2 0x00000000   Number         0  anon$$obj.o ABSOLUTE
    __ARM_use_no_argv                        0x00000000   Number         0  main.o ABSOLUTE
    _printf_a                                0x00000000   Number         0  stubs.o ABSOLUTE
    _printf_c                                0x00000000   Number         0  stubs.o ABSOLUTE
    _printf_charcount                        0x00000000   Number         0  stubs.o ABSOLUTE
    _printf_d                                0x00000000   Number         0  stubs.o ABSOLUTE
    _printf_e                                0x00000000   Number         0  stubs.o ABSOLUTE
    _printf_f                                0x00000000   Number         0  stubs.o ABSOLUTE
    _printf_flags                            0x00000000   Number         0  stubs.o ABSOLUTE
    _printf_fp_dec                           0x00000000   Number         0  stubs.o ABSOLUTE
    _printf_fp_hex                           0x00000000   Number         0  stubs.o ABSOLUTE
    _printf_g                                0x00000000   Number         0  stubs.o ABSOLUTE
    _printf_i                                0x00000000   Number         0  stubs.o ABSOLUTE
    _printf_int_dec                          0x00000000   Number         0  stubs.o ABSOLUTE
    _printf_l                                0x00000000   Number         0  stubs.o ABSOLUTE
    _printf_lc                               0x00000000   Number         0  stubs.o ABSOLUTE
    _printf_ll                               0x00000000   Number         0  stubs.o ABSOLUTE
    _printf_lld                              0x00000000   Number         0  stubs.o ABSOLUTE
    _printf_lli                              0x00000000   Number         0  stubs.o ABSOLUTE
    _printf_llo                              0x00000000   Number         0  stubs.o ABSOLUTE
    _printf_llu                              0x00000000   Number         0  stubs.o ABSOLUTE
    _printf_llx                              0x00000000   Number         0  stubs.o ABSOLUTE
    _printf_longlong_dec                     0x00000000   Number         0  stubs.o ABSOLUTE
    _printf_longlong_hex                     0x00000000   Number         0  stubs.o ABSOLUTE
    _printf_longlong_oct                     0x00000000   Number         0  stubs.o ABSOLUTE
    _printf_ls                               0x00000000   Number         0  stubs.o ABSOLUTE
    _printf_mbtowc                           0x00000000   Number         0  stubs.o ABSOLUTE
    _printf_n                                0x00000000   Number         0  stubs.o ABSOLUTE
    _printf_o                                0x00000000   Number         0  stubs.o ABSOLUTE
    _printf_p                                0x00000000   Number         0  stubs.o ABSOLUTE
    _printf_percent                          0x00000000   Number         0  stubs.o ABSOLUTE
    _printf_pre_padding                      0x00000000   Number         0  stubs.o ABSOLUTE
    _printf_return_value                     0x00000000   Number         0  stubs.o ABSOLUTE
    _printf_s                                0x00000000   Number         0  stubs.o ABSOLUTE
    _printf_sizespec                         0x00000000   Number         0  stubs.o ABSOLUTE
    _printf_str                              0x00000000   Number         0  stubs.o ABSOLUTE
    _printf_truncate_signed                  0x00000000   Number         0  stubs.o ABSOLUTE
    _printf_truncate_unsigned                0x00000000   Number         0  stubs.o ABSOLUTE
    _printf_u                                0x00000000   Number         0  stubs.o ABSOLUTE
    _printf_wc                               0x00000000   Number         0  stubs.o ABSOLUTE
    _printf_wctomb                           0x00000000   Number         0  stubs.o ABSOLUTE
    _printf_widthprec                        0x00000000   Number         0  stubs.o ABSOLUTE
    _printf_x                                0x00000000   Number         0  stubs.o ABSOLUTE
    __cpp_initialize__aeabi_                  - Undefined Weak Reference
    __cxa_finalize                            - Undefined Weak Reference
    _clock_init                               - Undefined Weak Reference
    _microlib_exit                            - Undefined Weak Reference
    __Vectors_Size                           0x00000130   Number         0  startup_stm32f10x_hd.o ABSOLUTE
    __Vectors                                0x08000000   Data           4  startup_stm32f10x_hd.o(RESET)
    __Vectors_End                            0x08000130   Data           0  startup_stm32f10x_hd.o(RESET)
    __main                                   0x08000131   Thumb Code     0  entry.o(.ARM.Collect$$$$00000000)
    _main_stk                                0x08000131   Thumb Code     0  entry2.o(.ARM.Collect$$$$00000001)
    _main_scatterload                        0x08000135   Thumb Code     0  entry5.o(.ARM.Collect$$$$00000004)
    __main_after_scatterload                 0x08000139   Thumb Code     0  entry5.o(.ARM.Collect$$$$00000004)
    _main_clock                              0x08000139   Thumb Code     0  entry7b.o(.ARM.Collect$$$$00000008)
    _main_cpp_init                           0x08000139   Thumb Code     0  entry8b.o(.ARM.Collect$$$$0000000A)
    _main_init                               0x08000139   Thumb Code     0  entry9a.o(.ARM.Collect$$$$0000000B)
    __rt_final_cpp                           0x08000141   Thumb Code     0  entry10a.o(.ARM.Collect$$$$0000000D)
    __rt_final_exit                          0x08000141   Thumb Code     0  entry11a.o(.ARM.Collect$$$$0000000F)
    Reset_Handler                            0x08000145   Thumb Code     8  startup_stm32f10x_hd.o(.text)
    ADC1_2_IRQHandler                        0x0800015f   Thumb Code     0  startup_stm32f10x_hd.o(.text)
    ADC3_IRQHandler                          0x0800015f   Thumb Code     0  startup_stm32f10x_hd.o(.text)
    CAN1_RX1_IRQHandler                      0x0800015f   Thumb Code     0  startup_stm32f10x_hd.o(.text)
    CAN1_SCE_IRQHandler                      0x0800015f   Thumb Code     0  startup_stm32f10x_hd.o(.text)
    DMA1_Channel1_IRQHandler                 0x0800015f   Thumb Code     0  startup_stm32f10x_hd.o(.text)
    DMA1_Channel2_IRQHandler                 0x0800015f   Thumb Code     0  startup_stm32f10x_hd.o(.text)
    DMA1_Channel3_IRQHandler                 0x0800015f   Thumb Code     0  startup_stm32f10x_hd.o(.text)
    DMA1_Channel5_IRQHandler                 0x0800015f   Thumb Code     0  startup_stm32f10x_hd.o(.text)
    DMA1_Channel6_IRQHandler                 0x0800015f   Thumb Code     0  startup_stm32f10x_hd.o(.text)
    DMA1_Channel7_IRQHandler                 0x0800015f   Thumb Code     0  startup_stm32f10x_hd.o(.text)
    DMA2_Channel1_IRQHandler                 0x0800015f   Thumb Code     0  startup_stm32f10x_hd.o(.text)
    DMA2_Channel2_IRQHandler                 0x0800015f   Thumb Code     0  startup_stm32f10x_hd.o(.text)
    DMA2_Channel3_IRQHandler                 0x0800015f   Thumb Code     0  startup_stm32f10x_hd.o(.text)
    DMA2_Channel4_5_IRQHandler               0x0800015f   Thumb Code     0  startup_stm32f10x_hd.o(.text)
    EXTI0_IRQHandler                         0x0800015f   Thumb Code     0  startup_stm32f10x_hd.o(.text)
    EXTI15_10_IRQHandler                     0x0800015f   Thumb Code     0  startup_stm32f10x_hd.o(.text)
    EXTI1_IRQHandler                         0x0800015f   Thumb Code     0  startup_stm32f10x_hd.o(.text)
    EXTI2_IRQHandler                         0x0800015f   Thumb Code     0  startup_stm32f10x_hd.o(.text)
    EXTI3_IRQHandler                         0x0800015f   Thumb Code     0  startup_stm32f10x_hd.o(.text)
    EXTI4_IRQHandler                         0x0800015f   Thumb Code     0  startup_stm32f10x_hd.o(.text)
    EXTI9_5_IRQHandler                       0x0800015f   Thumb Code     0  startup_stm32f10x_hd.o(.text)
    FLASH_IRQHandler                         0x0800015f   Thumb Code     0  startup_stm32f10x_hd.o(.text)
    FSMC_IRQHandler                          0x0800015f   Thumb Code     0  startup_stm32f10x_hd.o(.text)
    I2C1_ER_IRQHandler                       0x0800015f   Thumb Code     0  startup_stm32f10x_hd.o(.text)
    I2C1_EV_IRQHandler                       0x0800015f   Thumb Code     0  startup_stm32f10x_hd.o(.text)
    I2C2_ER_IRQHandler                       0x0800015f   Thumb Code     0  startup_stm32f10x_hd.o(.text)
    I2C2_EV_IRQHandler                       0x0800015f   Thumb Code     0  startup_stm32f10x_hd.o(.text)
    PVD_IRQHandler                           0x0800015f   Thumb Code     0  startup_stm32f10x_hd.o(.text)
    RCC_IRQHandler                           0x0800015f   Thumb Code     0  startup_stm32f10x_hd.o(.text)
    RTCAlarm_IRQHandler                      0x0800015f   Thumb Code     0  startup_stm32f10x_hd.o(.text)
    RTC_IRQHandler                           0x0800015f   Thumb Code     0  startup_stm32f10x_hd.o(.text)
    SDIO_IRQHandler                          0x0800015f   Thumb Code     0  startup_stm32f10x_hd.o(.text)
    SPI1_IRQHandler                          0x0800015f   Thumb Code     0  startup_stm32f10x_hd.o(.text)
    SPI2_IRQHandler                          0x0800015f   Thumb Code     0  startup_stm32f10x_hd.o(.text)
    SPI3_IRQHandler                          0x0800015f   Thumb Code     0  startup_stm32f10x_hd.o(.text)
    TAMPER_IRQHandler                        0x0800015f   Thumb Code     0  startup_stm32f10x_hd.o(.text)
    TIM1_BRK_IRQHandler                      0x0800015f   Thumb Code     0  startup_stm32f10x_hd.o(.text)
    TIM1_CC_IRQHandler                       0x0800015f   Thumb Code     0  startup_stm32f10x_hd.o(.text)
    TIM1_TRG_COM_IRQHandler                  0x0800015f   Thumb Code     0  startup_stm32f10x_hd.o(.text)
    TIM1_UP_IRQHandler                       0x0800015f   Thumb Code     0  startup_stm32f10x_hd.o(.text)
    TIM2_IRQHandler                          0x0800015f   Thumb Code     0  startup_stm32f10x_hd.o(.text)
    TIM3_IRQHandler                          0x0800015f   Thumb Code     0  startup_stm32f10x_hd.o(.text)
    TIM4_IRQHandler                          0x0800015f   Thumb Code     0  startup_stm32f10x_hd.o(.text)
    TIM5_IRQHandler                          0x0800015f   Thumb Code     0  startup_stm32f10x_hd.o(.text)
    TIM7_IRQHandler                          0x0800015f   Thumb Code     0  startup_stm32f10x_hd.o(.text)
    TIM8_BRK_IRQHandler                      0x0800015f   Thumb Code     0  startup_stm32f10x_hd.o(.text)
    TIM8_CC_IRQHandler                       0x0800015f   Thumb Code     0  startup_stm32f10x_hd.o(.text)
    TIM8_TRG_COM_IRQHandler                  0x0800015f   Thumb Code     0  startup_stm32f10x_hd.o(.text)
    TIM8_UP_IRQHandler                       0x0800015f   Thumb Code     0  startup_stm32f10x_hd.o(.text)
    UART4_IRQHandler                         0x0800015f   Thumb Code     0  startup_stm32f10x_hd.o(.text)
    UART5_IRQHandler                         0x0800015f   Thumb Code     0  startup_stm32f10x_hd.o(.text)
    USART2_IRQHandler                        0x0800015f   Thumb Code     0  startup_stm32f10x_hd.o(.text)
    USART3_IRQHandler                        0x0800015f   Thumb Code     0  startup_stm32f10x_hd.o(.text)
    USBWakeUp_IRQHandler                     0x0800015f   Thumb Code     0  startup_stm32f10x_hd.o(.text)
    USB_HP_CAN1_TX_IRQHandler                0x0800015f   Thumb Code     0  startup_stm32f10x_hd.o(.text)
    USB_LP_CAN1_RX0_IRQHandler               0x0800015f   Thumb Code     0  startup_stm32f10x_hd.o(.text)
    WWDG_IRQHandler                          0x0800015f   Thumb Code     0  startup_stm32f10x_hd.o(.text)
    __aeabi_memcpy                           0x08000169   Thumb Code    36  memcpya.o(.text)
    __aeabi_memcpy4                          0x08000169   Thumb Code     0  memcpya.o(.text)
    __aeabi_memcpy8                          0x08000169   Thumb Code     0  memcpya.o(.text)
    __aeabi_uidiv                            0x0800018d   Thumb Code     0  uidiv.o(.text)
    __aeabi_uidivmod                         0x0800018d   Thumb Code    44  uidiv.o(.text)
    __scatterload                            0x080001b9   Thumb Code    28  init.o(.text)
    __scatterload_rt2                        0x080001b9   Thumb Code     0  init.o(.text)
    __decompress                             0x080001dd   Thumb Code     0  __dczerorl2.o(.text)
    __decompress1                            0x080001dd   Thumb Code    86  __dczerorl2.o(.text)
    BASIC_TIM_Init                           0x08000233   Thumb Code    12  bsp_timbase.o(i.BASIC_TIM_Init)
    BL_CTRL                                  0x080002ad   Thumb Code     6  bsp_generaltim_pwm.o(i.BL_CTRL)
    BL_PWM_Init                              0x080002b9   Thumb Code    12  bsp_generaltim_pwm.o(i.BL_PWM_Init)
    BusFault_Handler                         0x080002c5   Thumb Code     4  stm32f10x_it.o(i.BusFault_Handler)
    Busy                                     0x080002c9   Thumb Code   106  bsp_hj12864d.o(i.Busy)
    CMD_Send                                 0x0800033d   Thumb Code    50  bsp_usart_dma.o(i.CMD_Send)
    CreatTopicWindow                         0x08000381   Thumb Code   260  bsp_hj12864d.o(i.CreatTopicWindow)
    DECToText                                0x08000485   Thumb Code   204  bsp_hj12864d.o(i.DECToText)
    DECToTextRight                           0x08000551   Thumb Code   342  bsp_hj12864d.o(i.DECToTextRight)
    DMA1_Channel4_IRQHandler                 0x080006a9   Thumb Code    44  bsp_usart_dma.o(i.DMA1_Channel4_IRQHandler)
    DMA_ClearFlag                            0x080006dd   Thumb Code    18  stm32f10x_dma.o(i.DMA_ClearFlag)
    DMA_ClearITPendingBit                    0x080006f9   Thumb Code    18  stm32f10x_dma.o(i.DMA_ClearITPendingBit)
    DMA_Cmd                                  0x08000715   Thumb Code    24  stm32f10x_dma.o(i.DMA_Cmd)
    DMA_DeInit                               0x0800072d   Thumb Code   324  stm32f10x_dma.o(i.DMA_DeInit)
    DMA_GetCurrDataCounter                   0x08000879   Thumb Code     8  stm32f10x_dma.o(i.DMA_GetCurrDataCounter)
    DMA_GetFlagStatus                        0x08000881   Thumb Code    36  stm32f10x_dma.o(i.DMA_GetFlagStatus)
    DMA_ITConfig                             0x080008ad   Thumb Code    18  stm32f10x_dma.o(i.DMA_ITConfig)
    DMA_Init                                 0x080008bf   Thumb Code    60  stm32f10x_dma.o(i.DMA_Init)
    DMA_SetCurrDataCounter                   0x080008fb   Thumb Code     4  stm32f10x_dma.o(i.DMA_SetCurrDataCounter)
    DataREV                                  0x08000901   Thumb Code   800  bsp_updowndata.o(i.DataREV)
    DebugMon_Handler                         0x08000c6d   Thumb Code     2  stm32f10x_it.o(i.DebugMon_Handler)
    DisplayString                            0x08000c6f   Thumb Code   718  bsp_hj12864d.o(i.DisplayString)
    Display_GBK12X12                         0x08000f3d   Thumb Code   116  bsp_hj12864d.o(i.Display_GBK12X12)
    Display_Graphic_XXX                      0x08000fb1   Thumb Code   332  bsp_hj12864d.o(i.Display_Graphic_XXX)
    Display_One_8x16                         0x080010fd   Thumb Code   566  bsp_hj12864d.o(i.Display_One_8x16)
    ErrorDisplay                             0x08001335   Thumb Code   524  bsp_hj12864d.o(i.ErrorDisplay)
    ErrorListGet                             0x08001569   Thumb Code    90  bsp_updowndata.o(i.ErrorListGet)
    ErrorListShow                            0x080015d5   Thumb Code   710  bsp_hj12864d.o(i.ErrorListShow)
    FactoryData_Read_Save                    0x080018bd   Thumb Code   120  bsp_setdata_eeprom.o(i.FactoryData_Read_Save)
    FactoryRecoverFromFactory                0x08001939   Thumb Code     6  bsp_setdata_eeprom.o(i.FactoryRecoverFromFactory)
    FactorySettingData_Save                  0x08001941   Thumb Code    54  bsp_setdata_eeprom.o(i.FactorySettingData_Save)
    GPIO_Configuration                       0x08001a0d   Thumb Code    76  bsp_hj12864d.o(i.GPIO_Configuration)
    GPIO_Configuration_in                    0x08001aa9   Thumb Code    24  bsp_hj12864d.o(i.GPIO_Configuration_in)
    GPIO_Init                                0x08001ac5   Thumb Code   278  stm32f10x_gpio.o(i.GPIO_Init)
    GPIO_PinRemapConfig                      0x08001bdd   Thumb Code   138  stm32f10x_gpio.o(i.GPIO_PinRemapConfig)
    GPIO_ReadInputDataBit                    0x08001c6d   Thumb Code    18  stm32f10x_gpio.o(i.GPIO_ReadInputDataBit)
    GPIO_ResetBits                           0x08001c7f   Thumb Code     4  stm32f10x_gpio.o(i.GPIO_ResetBits)
    GPIO_SetBits                             0x08001c83   Thumb Code     4  stm32f10x_gpio.o(i.GPIO_SetBits)
    HJ12864D_Init                            0x08001c87   Thumb Code    18  bsp_hj12864d.o(i.HJ12864D_Init)
    HardFault_Handler                        0x08001c99   Thumb Code     4  stm32f10x_it.o(i.HardFault_Handler)
    HeartBeat                                0x08001c9d   Thumb Code   102  bsp_updowndata.o(i.HeartBeat)
    I2CReadSerial                            0x08001d89   Thumb Code   104  bsp_sd3078.o(i.I2CReadSerial)
    I2CWriteSerial                           0x08001f85   Thumb Code    96  bsp_sd3078.o(i.I2CWriteSerial)
    IIC_Init                                 0x08001ff3   Thumb Code     8  bsp_sd3078.o(i.IIC_Init)
    IWDG_Config                              0x08001ffb   Thumb Code    36  bsp_iwdg.o(i.IWDG_Config)
    IWDG_Enable                              0x08002021   Thumb Code    10  stm32f10x_iwdg.o(i.IWDG_Enable)
    IWDG_Feed                                0x08002031   Thumb Code    24  bsp_iwdg.o(i.IWDG_Feed)
    IWDG_Init                                0x0800204d   Thumb Code    14  bsp_iwdg.o(i.IWDG_Init)
    IWDG_ReloadCounter                       0x0800205d   Thumb Code    10  stm32f10x_iwdg.o(i.IWDG_ReloadCounter)
    IWDG_SetPrescaler                        0x0800206d   Thumb Code     6  stm32f10x_iwdg.o(i.IWDG_SetPrescaler)
    IWDG_SetReload                           0x08002079   Thumb Code     6  stm32f10x_iwdg.o(i.IWDG_SetReload)
    IWDG_WriteAccessCmd                      0x08002085   Thumb Code     6  stm32f10x_iwdg.o(i.IWDG_WriteAccessCmd)
    KeyCtrl                                  0x08002091   Thumb Code  8670  bsp_key.o(i.KeyCtrl)
    KeyData                                  0x0800428d   Thumb Code   170  bsp_key.o(i.KeyData)
    KeyScan                                  0x08004349   Thumb Code   214  bsp_key.o(i.KeyScan)
    Key_IO_Init                              0x0800443d   Thumb Code   106  bsp_key.o(i.Key_IO_Init)
    LEDCtrl                                  0x080044bd   Thumb Code   104  bsp_led.o(i.LEDCtrl)
    LED_IO_Init                              0x08004539   Thumb Code   140  bsp_led.o(i.LED_IO_Init)
    LocalDataReadOut                         0x080045d1   Thumb Code    52  bsp_setdata_eeprom.o(i.LocalDataReadOut)
    LocalDataSave                            0x08004609   Thumb Code    40  bsp_setdata_eeprom.o(i.LocalDataSave)
    MYDMA_Enable                             0x08004635   Thumb Code    30  bsp_usart_dma.o(i.MYDMA_Enable)
    MemManage_Handler                        0x08004653   Thumb Code     4  stm32f10x_it.o(i.MemManage_Handler)
    NMI_Handler                              0x08004657   Thumb Code     2  stm32f10x_it.o(i.NMI_Handler)
    NVIC_Init                                0x08004659   Thumb Code   100  misc.o(i.NVIC_Init)
    NVIC_PriorityGroupConfig                 0x080046c9   Thumb Code    10  misc.o(i.NVIC_PriorityGroupConfig)
    OFFLineSettingData_Read                  0x080046dd   Thumb Code   104  bsp_setdata_eeprom.o(i.OFFLineSettingData_Read)
    OFFLineSettingData_Save                  0x0800474d   Thumb Code    54  bsp_setdata_eeprom.o(i.OFFLineSettingData_Save)
    OfflineDataRecovery                      0x08004789   Thumb Code    30  bsp_setdata_eeprom.o(i.OfflineDataRecovery)
    PORT_Assignment                          0x080047ad   Thumb Code   198  bsp_hj12864d.o(i.PORT_Assignment)
    Page0                                    0x08004879   Thumb Code    24  bsp_hj12864d.o(i.Page0)
    Page1                                    0x08004895   Thumb Code   364  bsp_hj12864d.o(i.Page1)
    Page10                                   0x08004a41   Thumb Code   204  bsp_hj12864d.o(i.Page10)
    Page11                                   0x08004b0d   Thumb Code   296  bsp_hj12864d.o(i.Page11)
    Page12                                   0x08004c75   Thumb Code   194  bsp_hj12864d.o(i.Page12)
    Page13                                   0x08004d61   Thumb Code    56  bsp_hj12864d.o(i.Page13)
    Page14                                   0x08004da9   Thumb Code    56  bsp_hj12864d.o(i.Page14)
    Page15                                   0x08004df1   Thumb Code    96  bsp_hj12864d.o(i.Page15)
    Page16                                   0x08004e61   Thumb Code   182  bsp_hj12864d.o(i.Page16)
    Page18                                   0x08004f3d   Thumb Code   296  bsp_hj12864d.o(i.Page18)
    Page19                                   0x080050a5   Thumb Code   158  bsp_hj12864d.o(i.Page19)
    Page2                                    0x08005171   Thumb Code   470  bsp_hj12864d.o(i.Page2)
    Page20                                   0x08005399   Thumb Code   710  bsp_hj12864d.o(i.Page20)
    Page21                                   0x0800566d   Thumb Code   796  bsp_hj12864d.o(i.Page21)
    Page22                                   0x08005a2d   Thumb Code   774  bsp_hj12864d.o(i.Page22)
    Page23                                   0x08005d85   Thumb Code    56  bsp_hj12864d.o(i.Page23)
    Page24                                   0x08005dd1   Thumb Code    56  bsp_hj12864d.o(i.Page24)
    Page25                                   0x08005e1d   Thumb Code   312  bsp_hj12864d.o(i.Page25)
    Page26                                   0x08005f9d   Thumb Code    46  bsp_hj12864d.o(i.Page26)
    Page27                                   0x08005fe5   Thumb Code   556  bsp_hj12864d.o(i.Page27)
    Page28                                   0x08006279   Thumb Code    56  bsp_hj12864d.o(i.Page28)
    Page29                                   0x080062bd   Thumb Code    56  bsp_hj12864d.o(i.Page29)
    Page3                                    0x08006301   Thumb Code   296  bsp_hj12864d.o(i.Page3)
    Page30                                   0x08006465   Thumb Code    56  bsp_hj12864d.o(i.Page30)
    Page31                                   0x080064a9   Thumb Code    56  bsp_hj12864d.o(i.Page31)
    Page32                                   0x080064f1   Thumb Code    56  bsp_hj12864d.o(i.Page32)
    Page33                                   0x08006535   Thumb Code   774  bsp_hj12864d.o(i.Page33)
    Page33_TimeShow                          0x08006879   Thumb Code   344  bsp_hj12864d.o(i.Page33_TimeShow)
    Page34                                   0x080069e5   Thumb Code   794  bsp_hj12864d.o(i.Page34)
    Page35                                   0x08006d4d   Thumb Code    44  bsp_hj12864d.o(i.Page35)
    Page36                                   0x08006d85   Thumb Code   134  bsp_hj12864d.o(i.Page36)
    Page4                                    0x08006e21   Thumb Code   152  bsp_hj12864d.o(i.Page4)
    Page5                                    0x08006ef1   Thumb Code   724  bsp_hj12864d.o(i.Page5)
    Page6                                    0x08007255   Thumb Code   158  bsp_hj12864d.o(i.Page6)
    Page7                                    0x08007321   Thumb Code    34  bsp_hj12864d.o(i.Page7)
    Page8                                    0x08007361   Thumb Code   628  bsp_hj12864d.o(i.Page8)
    Page9                                    0x08007829   Thumb Code   626  bsp_hj12864d.o(i.Page9)
    PendSV_Handler                           0x08007d25   Thumb Code     2  stm32f10x_it.o(i.PendSV_Handler)
    RCC_AHBPeriphClockCmd                    0x08007d29   Thumb Code    26  stm32f10x_rcc.o(i.RCC_AHBPeriphClockCmd)
    RCC_APB1PeriphClockCmd                   0x08007d49   Thumb Code    26  stm32f10x_rcc.o(i.RCC_APB1PeriphClockCmd)
    RCC_APB2PeriphClockCmd                   0x08007d69   Thumb Code    26  stm32f10x_rcc.o(i.RCC_APB2PeriphClockCmd)
    RCC_GetClocksFreq                        0x08007d89   Thumb Code   192  stm32f10x_rcc.o(i.RCC_GetClocksFreq)
    RTCDataGet                               0x08007e9d   Thumb Code    38  bsp_sd3078.o(i.RTCDataGet)
    RTCUpdata                                0x08007ed1   Thumb Code    96  bsp_hj12864d.o(i.RTCUpdata)
    RTC_ReadDate                             0x08007f3d   Thumb Code   134  bsp_sd3078.o(i.RTC_ReadDate)
    RTC_WriteDate                            0x08007fc3   Thumb Code   128  bsp_sd3078.o(i.RTC_WriteDate)
    RecoverData_Read                         0x08008045   Thumb Code   182  bsp_setdata_eeprom.o(i.RecoverData_Read)
    RecoverData_Write                        0x08008109   Thumb Code   252  bsp_setdata_eeprom.o(i.RecoverData_Write)
    SD3078Init                               0x08008215   Thumb Code    60  bsp_sd3078.o(i.SD3078Init)
    SPI_Cmd                                  0x0800825d   Thumb Code    24  stm32f10x_spi.o(i.SPI_Cmd)
    SPI_FLASH_BufferRead                     0x08008275   Thumb Code    76  bsp_spi_flash.o(i.SPI_FLASH_BufferRead)
    SPI_FLASH_Init                           0x080082c5   Thumb Code   178  bsp_spi_flash.o(i.SPI_FLASH_Init)
    SPI_FLASH_SendByte                       0x08008381   Thumb Code   110  bsp_spi_flash.o(i.SPI_FLASH_SendByte)
    SPI_I2S_GetFlagStatus                    0x080083f9   Thumb Code    18  stm32f10x_spi.o(i.SPI_I2S_GetFlagStatus)
    SPI_I2S_ReceiveData                      0x0800840b   Thumb Code     6  stm32f10x_spi.o(i.SPI_I2S_ReceiveData)
    SPI_I2S_SendData                         0x08008411   Thumb Code     4  stm32f10x_spi.o(i.SPI_I2S_SendData)
    SPI_Init                                 0x08008415   Thumb Code    60  stm32f10x_spi.o(i.SPI_Init)
    SVC_Handler                              0x08008491   Thumb Code     2  stm32f10x_it.o(i.SVC_Handler)
    SavingDataReadOout                       0x08008493   Thumb Code    50  bsp_setdata_eeprom.o(i.SavingDataReadOout)
    SendData                                 0x080084c5   Thumb Code   138  bsp_updowndata.o(i.SendData)
    SendSetUpData                            0x08008559   Thumb Code   280  bsp_updowndata.o(i.SendSetUpData)
    SettingUpDisplay                         0x08008789   Thumb Code   106  bsp_hj12864d.o(i.SettingUpDisplay)
    SysTick_Handler                          0x0800882d   Thumb Code     2  stm32f10x_it.o(i.SysTick_Handler)
    SystemInit                               0x08008831   Thumb Code    78  system_stm32f10x.o(i.SystemInit)
    TIM6_IRQHandler                          0x08008891   Thumb Code   254  bsp_timbase.o(i.TIM6_IRQHandler)
    TIM_ClearFlag                            0x080089cd   Thumb Code     6  stm32f10x_tim.o(i.TIM_ClearFlag)
    TIM_ClearITPendingBit                    0x080089d3   Thumb Code     6  stm32f10x_tim.o(i.TIM_ClearITPendingBit)
    TIM_Cmd                                  0x080089d9   Thumb Code    24  stm32f10x_tim.o(i.TIM_Cmd)
    TIM_GetITStatus                          0x080089f1   Thumb Code    34  stm32f10x_tim.o(i.TIM_GetITStatus)
    TIM_ITConfig                             0x08008a13   Thumb Code    18  stm32f10x_tim.o(i.TIM_ITConfig)
    TIM_OC4Init                              0x08008a25   Thumb Code   114  stm32f10x_tim.o(i.TIM_OC4Init)
    TIM_OC4PreloadConfig                     0x08008aa1   Thumb Code    26  stm32f10x_tim.o(i.TIM_OC4PreloadConfig)
    TIM_TimeBaseInit                         0x08008abd   Thumb Code   122  stm32f10x_tim.o(i.TIM_TimeBaseInit)
    TransmitData                             0x08008b61   Thumb Code    26  bsp_setdata_eeprom.o(i.TransmitData)
    UIDisplay                                0x08008b7d   Thumb Code   580  bsp_hj12864d.o(i.UIDisplay)
    USART1_IRQHandler                        0x08008e09   Thumb Code    58  bsp_usart_dma.o(i.USART1_IRQHandler)
    USART_ClearITPendingBit                  0x08008e55   Thumb Code    30  stm32f10x_usart.o(i.USART_ClearITPendingBit)
    USART_Cmd                                0x08008e73   Thumb Code    24  stm32f10x_usart.o(i.USART_Cmd)
    USART_DMACmd                             0x08008f41   Thumb Code    18  stm32f10x_usart.o(i.USART_DMACmd)
    USART_GetFlagStatus                      0x08008f53   Thumb Code    26  stm32f10x_usart.o(i.USART_GetFlagStatus)
    USART_GetITStatus                        0x08008f6d   Thumb Code    84  stm32f10x_usart.o(i.USART_GetITStatus)
    USART_ITConfig                           0x08008fc1   Thumb Code    74  stm32f10x_usart.o(i.USART_ITConfig)
    USART_Init                               0x0800900d   Thumb Code   210  stm32f10x_usart.o(i.USART_Init)
    USART_ReceiveData                        0x080090e5   Thumb Code    10  stm32f10x_usart.o(i.USART_ReceiveData)
    USART_SendData                           0x080090ef   Thumb Code     8  stm32f10x_usart.o(i.USART_SendData)
    USARTx_DMA_Init                          0x080091dd   Thumb Code    16  bsp_usart_dma.o(i.USARTx_DMA_Init)
    UsageFault_Handler                       0x080091ed   Thumb Code     4  stm32f10x_it.o(i.UsageFault_Handler)
    WindowClear                              0x080091f1   Thumb Code    22  bsp_hj12864d.o(i.WindowClear)
    WriteRTC_Disable                         0x08009207   Thumb Code    70  bsp_sd3078.o(i.WriteRTC_Disable)
    WriteRTC_Enable                          0x0800924d   Thumb Code    98  bsp_sd3078.o(i.WriteRTC_Enable)
    __0printf$1                              0x080092b1   Thumb Code    22  printf1.o(i.__0printf$1)
    __1printf$1                              0x080092b1   Thumb Code     0  printf1.o(i.__0printf$1)
    __2printf                                0x080092b1   Thumb Code     0  printf1.o(i.__0printf$1)
    __scatterload_copy                       0x080092d1   Thumb Code    14  handlers.o(i.__scatterload_copy)
    __scatterload_null                       0x080092df   Thumb Code     2  handlers.o(i.__scatterload_null)
    __scatterload_zeroinit                   0x080092e1   Thumb Code    14  handlers.o(i.__scatterload_zeroinit)
    crc16l                                   0x08009445   Thumb Code    54  bsp_updowndata.o(i.crc16l)
    delay                                    0x0800947b   Thumb Code    10  bsp_hj12864d.o(i.delay)
    delay_ms                                 0x08009485   Thumb Code    56  bsp_hj12864d.o(i.delay_ms)
    display_graphic_12x12                    0x080094bd   Thumb Code   406  bsp_hj12864d.o(i.display_graphic_12x12)
    display_graphic_16x16                    0x08009653   Thumb Code   406  bsp_hj12864d.o(i.display_graphic_16x16)
    display_string_5x8                       0x080097e9   Thumb Code   652  bsp_hj12864d.o(i.display_string_5x8)
    display_string_8x16                      0x08009a75   Thumb Code   606  bsp_hj12864d.o(i.display_string_8x16)
    dispsameone                              0x08009cd3   Thumb Code   132  bsp_hj12864d.o(i.dispsameone)
    ee_CheckOk                               0x08009d57   Thumb Code    22  bsp_i2c_ee.o(i.ee_CheckOk)
    ee_ReadBytes                             0x08009d6d   Thumb Code   126  bsp_i2c_ee.o(i.ee_ReadBytes)
    ee_ReadOneBytes                          0x08009deb   Thumb Code    96  bsp_i2c_ee.o(i.ee_ReadOneBytes)
    ee_WriteBytes                            0x08009e4b   Thumb Code   142  bsp_i2c_ee.o(i.ee_WriteBytes)
    ee_WriteOneBytes                         0x08009ed9   Thumb Code   110  bsp_i2c_ee.o(i.ee_WriteOneBytes)
    fputc                                    0x08009f49   Thumb Code    32  bsp_usart_dma.o(i.fputc)
    i2c_Ack                                  0x08009f6d   Thumb Code    44  bsp_i2c_gpio.o(i.i2c_Ack)
    i2c_CheckDevice                          0x08009fcd   Thumb Code    32  bsp_i2c_gpio.o(i.i2c_CheckDevice)
    i2c_NAck                                 0x08009ffd   Thumb Code    36  bsp_i2c_gpio.o(i.i2c_NAck)
    i2c_ReadByte                             0x0800a025   Thumb Code    62  bsp_i2c_gpio.o(i.i2c_ReadByte)
    i2c_SendByte                             0x0800a069   Thumb Code    80  bsp_i2c_gpio.o(i.i2c_SendByte)
    i2c_Start                                0x0800a0bd   Thumb Code    42  bsp_i2c_gpio.o(i.i2c_Start)
    i2c_Stop                                 0x0800a0ed   Thumb Code    28  bsp_i2c_gpio.o(i.i2c_Stop)
    i2c_WaitAck                              0x0800a10d   Thumb Code    56  bsp_i2c_gpio.o(i.i2c_WaitAck)
    lcdint                                   0x0800a149   Thumb Code   102  bsp_hj12864d.o(i.lcdint)
    main                                     0x0800a1b5   Thumb Code    98  main.o(i.main)
    wrcomL                                   0x0800a21d   Thumb Code    92  bsp_hj12864d.o(i.wrcomL)
    wrcomR                                   0x0800a281   Thumb Code    92  bsp_hj12864d.o(i.wrcomR)
    wrdataL                                  0x0800a2e5   Thumb Code    92  bsp_hj12864d.o(i.wrdataL)
    wrdataR                                  0x0800a349   Thumb Code    92  bsp_hj12864d.o(i.wrdataR)
    Region$$Table$$Base                      0x0800a3ac   Number         0  anon$$obj.o(Region$$Table)
    Region$$Table$$Limit                     0x0800a3cc   Number         0  anon$$obj.o(Region$$Table)
    bCMDSendFlag                             0x20000018   Data           1  bsp_usart_dma.o(.data)
    bREVEndFlag                              0x20000019   Data           1  bsp_usart_dma.o(.data)
    Usart1_Rec_Cnt                           0x2000001a   Data           2  bsp_usart_dma.o(.data)
    arrow                                    0x2000001c   Data          32  bsp_hj12864d.o(.data)
    sheshi                                   0x2000003c   Data          32  bsp_hj12864d.o(.data)
    ArrowDown                                0x2000005c   Data          24  bsp_hj12864d.o(.data)
    ArrowUp                                  0x20000074   Data          24  bsp_hj12864d.o(.data)
    YZK_Logo                                 0x2000008c   Data         720  bsp_hj12864d.o(.data)
    ErrorDisplayContenr                      0x2000035c   Data         132  bsp_hj12864d.o(.data)
    bDisplayFlag                             0x200003e0   Data           1  bsp_hj12864d.o(.data)
    bPowOneShowFlag                          0x200003e1   Data           1  bsp_hj12864d.o(.data)
    bErrorShowedFlag                         0x200003e2   Data           1  bsp_hj12864d.o(.data)
    uErrorNum                                0x200003e3   Data           1  bsp_hj12864d.o(.data)
    uErrorOld                                0x200003e4   Data           2  bsp_hj12864d.o(.data)
    bErrReadFlag                             0x200003e6   Data           1  bsp_hj12864d.o(.data)
    uErrCount                                0x200003e8   Data           2  bsp_hj12864d.o(.data)
    bErrorGetFlag                            0x200003ea   Data           1  bsp_hj12864d.o(.data)
    bStuatesRefresh                          0x200003eb   Data           1  bsp_hj12864d.o(.data)
    uKeyPressCount                           0x200003ec   Data           2  bsp_key.o(.data)
    bKeyPressFlag                            0x200003ee   Data           1  bsp_key.o(.data)
    KeyValue                                 0x200003f0   Data           2  bsp_key.o(.data)
    bLongDownFlag                            0x200003f2   Data           1  bsp_key.o(.data)
    uKeyOld                                  0x200003f4   Data           2  bsp_key.o(.data)
    uKeyScanCount                            0x200003f6   Data           1  bsp_key.o(.data)
    uKeyScanStep                             0x200003f7   Data           1  bsp_key.o(.data)
    uUIPageNum                               0x200003f8   Data           1  bsp_key.o(.data)
    uUILineNum                               0x200003f9   Data           1  bsp_key.o(.data)
    uKeyPosFlag                              0x200003fa   Data           1  bsp_key.o(.data)
    uKeyPressData                            0x200003fc   Data           2  bsp_key.o(.data)
    uSetDataValuel                           0x200003fe   Data           2  bsp_key.o(.data)
    uSetDataValuel2                          0x20000400   Data           2  bsp_key.o(.data)
    uErrorEnableFlag                         0x20000402   Data           2  bsp_key.o(.data)
    bAdminPassFlag                           0x20000404   Data           1  bsp_key.o(.data)
    bOnlineModeFlag                          0x20000405   Data           1  bsp_key.o(.data)
    bOfflineModeFlag                         0x20000406   Data           1  bsp_key.o(.data)
    bFactoryModeFlag                         0x20000407   Data           1  bsp_key.o(.data)
    uSettingUpFlag                           0x20000408   Data           1  bsp_key.o(.data)
    uPowOneShowCount                         0x2000040a   Data           2  bsp_timbase.o(.data)
    uTopicTimeCount                          0x2000040c   Data           2  bsp_timbase.o(.data)
    bErrorFlag                               0x2000040e   Data           1  bsp_led.o(.data)
    sysTime                                  0x20000410   Data           7  bsp_sd3078.o(.data)
    time_init                                0x20000417   Data           7  bsp_sd3078.o(.data)
    data_Buf                                 0x2000041e   Data           8  bsp_sd3078.o(.data)
    uReadRTCCount                            0x20000426   Data           2  bsp_sd3078.o(.data)
    uFeedDogCount                            0x20000428   Data           2  bsp_iwdg.o(.data)
    uHeartBeatSendcount                      0x2000042a   Data           2  bsp_updowndata.o(.data)
    SendPos                                  0x2000042c   Data           1  bsp_updowndata.o(.data)
    SendLen                                  0x2000042d   Data           1  bsp_updowndata.o(.data)
    bOnLineFlag                              0x2000042e   Data           1  bsp_updowndata.o(.data)
    bStatusDataShowFlag                      0x2000042f   Data           1  bsp_updowndata.o(.data)
    uOnLineCount                             0x20000430   Data           2  bsp_updowndata.o(.data)
    bSendCMDFlag                             0x20000432   Data           1  bsp_updowndata.o(.data)
    uFactorydata                             0x20000434   Data          18  bsp_setdata_eeprom.o(.data)
    RecoverDataPos                           0x20000446   Data           1  bsp_setdata_eeprom.o(.data)
    uBackLightData                           0x20000447   Data           1  bsp_setdata_eeprom.o(.data)
    uErrorInf                                0x20000448   Data           6  bsp_setdata_eeprom.o(.data)
    __stdout                                 0x20000450   Data           4  stdout.o(.data)
    SendBuff                                 0x20000454   Data         100  bsp_usart_dma.o(.bss)
    RevdBuff                                 0x200004b8   Data         100  bsp_usart_dma.o(.bss)
    uErrData                                 0x2000051c   Data          11  bsp_hj12864d.o(.bss)
    SetdataSend                              0x20000528   Data          18  bsp_key.o(.bss)
    ErrorStuate                              0x2000053a   Data          14  bsp_updowndata.o(.bss)
    uMachineStatusDatas                      0x20000548   Data          28  bsp_updowndata.o(.bss)
    OFFLinedata                              0x20000564   Data          18  bsp_setdata_eeprom.o(.bss)
    CurrentSetdata                           0x20000576   Data          18  bsp_setdata_eeprom.o(.bss)
    RecoverData                              0x20000588   Data          90  bsp_setdata_eeprom.o(.bss)
    uCoverTime                               0x200005e2   Data          25  bsp_setdata_eeprom.o(.bss)
    __initial_sp                             0x20000a00   Data           0  startup_stm32f10x_hd.o(STACK)



==============================================================================

Memory Map of the image

  Image Entry point : 0x08000131

  Load Region LR_IROM1 (Base: 0x08000000, Size: 0x0000a820, Max: 0x00040000, ABSOLUTE, COMPRESSED[0x0000a60c])

    Execution Region ER_IROM1 (Base: 0x08000000, Size: 0x0000a3cc, Max: 0x00040000, ABSOLUTE)

    Base Addr    Size         Type   Attr      Idx    E Section Name        Object

    0x08000000   0x00000130   Data   RO            3    RESET               startup_stm32f10x_hd.o
    0x08000130   0x00000000   Code   RO         4603  * .ARM.Collect$$$$00000000  mc_w.l(entry.o)
    0x08000130   0x00000004   Code   RO         4871    .ARM.Collect$$$$00000001  mc_w.l(entry2.o)
    0x08000134   0x00000004   Code   RO         4874    .ARM.Collect$$$$00000004  mc_w.l(entry5.o)
    0x08000138   0x00000000   Code   RO         4876    .ARM.Collect$$$$00000008  mc_w.l(entry7b.o)
    0x08000138   0x00000000   Code   RO         4878    .ARM.Collect$$$$0000000A  mc_w.l(entry8b.o)
    0x08000138   0x00000008   Code   RO         4879    .ARM.Collect$$$$0000000B  mc_w.l(entry9a.o)
    0x08000140   0x00000000   Code   RO         4881    .ARM.Collect$$$$0000000D  mc_w.l(entry10a.o)
    0x08000140   0x00000000   Code   RO         4883    .ARM.Collect$$$$0000000F  mc_w.l(entry11a.o)
    0x08000140   0x00000004   Code   RO         4872    .ARM.Collect$$$$00002712  mc_w.l(entry2.o)
    0x08000144   0x00000024   Code   RO            4    .text               startup_stm32f10x_hd.o
    0x08000168   0x00000024   Code   RO         4606    .text               mc_w.l(memcpya.o)
    0x0800018c   0x0000002c   Code   RO         4886    .text               mc_w.l(uidiv.o)
    0x080001b8   0x00000024   Code   RO         4901    .text               mc_w.l(init.o)
    0x080001dc   0x00000056   Code   RO         4919    .text               mc_w.l(__dczerorl2.o)
    0x08000232   0x0000000c   Code   RO         4183    i.BASIC_TIM_Init    bsp_timbase.o
    0x0800023e   0x00000002   PAD
    0x08000240   0x00000040   Code   RO         4184    i.BASIC_TIM_Mode_Config  bsp_timbase.o
    0x08000280   0x0000002a   Code   RO         4185    i.BASIC_TIM_NVIC_Config  bsp_timbase.o
    0x080002aa   0x00000002   PAD
    0x080002ac   0x0000000c   Code   RO         4254    i.BL_CTRL           bsp_generaltim_pwm.o
    0x080002b8   0x0000000c   Code   RO         4255    i.BL_PWM_Init       bsp_generaltim_pwm.o
    0x080002c4   0x00000004   Code   RO         3255    i.BusFault_Handler  stm32f10x_it.o
    0x080002c8   0x00000074   Code   RO         3681    i.Busy              bsp_hj12864d.o
    0x0800033c   0x00000044   Code   RO         3574    i.CMD_Send          bsp_usart_dma.o
    0x08000380   0x00000104   Code   RO         3682    i.CreatTopicWindow  bsp_hj12864d.o
    0x08000484   0x000000cc   Code   RO         3683    i.DECToText         bsp_hj12864d.o
    0x08000550   0x00000156   Code   RO         3684    i.DECToTextRight    bsp_hj12864d.o
    0x080006a6   0x00000002   PAD
    0x080006a8   0x00000034   Code   RO         3575    i.DMA1_Channel4_IRQHandler  bsp_usart_dma.o
    0x080006dc   0x0000001c   Code   RO          866    i.DMA_ClearFlag     stm32f10x_dma.o
    0x080006f8   0x0000001c   Code   RO          867    i.DMA_ClearITPendingBit  stm32f10x_dma.o
    0x08000714   0x00000018   Code   RO          868    i.DMA_Cmd           stm32f10x_dma.o
    0x0800072c   0x0000014c   Code   RO          869    i.DMA_DeInit        stm32f10x_dma.o
    0x08000878   0x00000008   Code   RO          870    i.DMA_GetCurrDataCounter  stm32f10x_dma.o
    0x08000880   0x0000002c   Code   RO          871    i.DMA_GetFlagStatus  stm32f10x_dma.o
    0x080008ac   0x00000012   Code   RO          873    i.DMA_ITConfig      stm32f10x_dma.o
    0x080008be   0x0000003c   Code   RO          874    i.DMA_Init          stm32f10x_dma.o
    0x080008fa   0x00000004   Code   RO          875    i.DMA_SetCurrDataCounter  stm32f10x_dma.o
    0x080008fe   0x00000002   PAD
    0x08000900   0x0000036c   Code   RO         4450    i.DataREV           bsp_updowndata.o
    0x08000c6c   0x00000002   Code   RO         3256    i.DebugMon_Handler  stm32f10x_it.o
    0x08000c6e   0x000002ce   Code   RO         3685    i.DisplayString     bsp_hj12864d.o
    0x08000f3c   0x00000074   Code   RO         3687    i.Display_GBK12X12  bsp_hj12864d.o
    0x08000fb0   0x0000014c   Code   RO         3688    i.Display_Graphic_XXX  bsp_hj12864d.o
    0x080010fc   0x00000236   Code   RO         3689    i.Display_One_8x16  bsp_hj12864d.o
    0x08001332   0x00000002   PAD
    0x08001334   0x00000234   Code   RO         3690    i.ErrorDisplay      bsp_hj12864d.o
    0x08001568   0x0000006c   Code   RO         4451    i.ErrorListGet      bsp_updowndata.o
    0x080015d4   0x000002e8   Code   RO         3691    i.ErrorListShow     bsp_hj12864d.o
    0x080018bc   0x0000007c   Code   RO         4503    i.FactoryData_Read_Save  bsp_setdata_eeprom.o
    0x08001938   0x00000006   Code   RO         4504    i.FactoryRecoverFromFactory  bsp_setdata_eeprom.o
    0x0800193e   0x00000002   PAD
    0x08001940   0x0000003c   Code   RO         4505    i.FactorySettingData_Save  bsp_setdata_eeprom.o
    0x0800197c   0x0000002c   Code   RO         4256    i.GENERAL_TIM_GPIO_Config  bsp_generaltim_pwm.o
    0x080019a8   0x00000064   Code   RO         4257    i.GENERAL_TIM_Mode_Config  bsp_generaltim_pwm.o
    0x08001a0c   0x00000054   Code   RO         3692    i.GPIO_Configuration  bsp_hj12864d.o
    0x08001a60   0x00000048   Code   RO         4286    i.GPIO_Configuration  bsp_sd3078.o
    0x08001aa8   0x0000001c   Code   RO         3693    i.GPIO_Configuration_in  bsp_hj12864d.o
    0x08001ac4   0x00000116   Code   RO         1292    i.GPIO_Init         stm32f10x_gpio.o
    0x08001bda   0x00000002   PAD
    0x08001bdc   0x00000090   Code   RO         1294    i.GPIO_PinRemapConfig  stm32f10x_gpio.o
    0x08001c6c   0x00000012   Code   RO         1296    i.GPIO_ReadInputDataBit  stm32f10x_gpio.o
    0x08001c7e   0x00000004   Code   RO         1299    i.GPIO_ResetBits    stm32f10x_gpio.o
    0x08001c82   0x00000004   Code   RO         1300    i.GPIO_SetBits      stm32f10x_gpio.o
    0x08001c86   0x00000012   Code   RO         3694    i.HJ12864D_Init     bsp_hj12864d.o
    0x08001c98   0x00000004   Code   RO         3257    i.HardFault_Handler  stm32f10x_it.o
    0x08001c9c   0x00000074   Code   RO         4452    i.HeartBeat         bsp_updowndata.o
    0x08001d10   0x0000003c   Code   RO         4287    i.I2CAck            bsp_sd3078.o
    0x08001d4c   0x0000003c   Code   RO         4288    i.I2CNoAck          bsp_sd3078.o
    0x08001d88   0x00000068   Code   RO         4289    i.I2CReadSerial     bsp_sd3078.o
    0x08001df0   0x00000058   Code   RO         4290    i.I2CReceiveByte    bsp_sd3078.o
    0x08001e48   0x0000005c   Code   RO         4291    i.I2CSendByte       bsp_sd3078.o
    0x08001ea4   0x00000050   Code   RO         4292    i.I2CStart          bsp_sd3078.o
    0x08001ef4   0x0000003c   Code   RO         4293    i.I2CStop           bsp_sd3078.o
    0x08001f30   0x00000054   Code   RO         4294    i.I2CWaitAck        bsp_sd3078.o
    0x08001f84   0x00000060   Code   RO         4295    i.I2CWriteSerial    bsp_sd3078.o
    0x08001fe4   0x0000000e   Code   RO         4296    i.I2Cdelay          bsp_sd3078.o
    0x08001ff2   0x00000008   Code   RO         4297    i.IIC_Init          bsp_sd3078.o
    0x08001ffa   0x00000024   Code   RO         4420    i.IWDG_Config       bsp_iwdg.o
    0x0800201e   0x00000002   PAD
    0x08002020   0x00000010   Code   RO         1604    i.IWDG_Enable       stm32f10x_iwdg.o
    0x08002030   0x0000001c   Code   RO         4421    i.IWDG_Feed         bsp_iwdg.o
    0x0800204c   0x0000000e   Code   RO         4422    i.IWDG_Init         bsp_iwdg.o
    0x0800205a   0x00000002   PAD
    0x0800205c   0x00000010   Code   RO         1606    i.IWDG_ReloadCounter  stm32f10x_iwdg.o
    0x0800206c   0x0000000c   Code   RO         1607    i.IWDG_SetPrescaler  stm32f10x_iwdg.o
    0x08002078   0x0000000c   Code   RO         1608    i.IWDG_SetReload    stm32f10x_iwdg.o
    0x08002084   0x0000000c   Code   RO         1609    i.IWDG_WriteAccessCmd  stm32f10x_iwdg.o
    0x08002090   0x000021fc   Code   RO         4141    i.KeyCtrl           bsp_key.o
    0x0800428c   0x000000bc   Code   RO         4142    i.KeyData           bsp_key.o
    0x08004348   0x000000f4   Code   RO         4143    i.KeyScan           bsp_key.o
    0x0800443c   0x00000080   Code   RO         4144    i.Key_IO_Init       bsp_key.o
    0x080044bc   0x0000007c   Code   RO         4230    i.LEDCtrl           bsp_led.o
    0x08004538   0x00000098   Code   RO         4231    i.LED_IO_Init       bsp_led.o
    0x080045d0   0x00000038   Code   RO         4506    i.LocalDataReadOut  bsp_setdata_eeprom.o
    0x08004608   0x0000002c   Code   RO         4507    i.LocalDataSave     bsp_setdata_eeprom.o
    0x08004634   0x0000001e   Code   RO         3576    i.MYDMA_Enable      bsp_usart_dma.o
    0x08004652   0x00000004   Code   RO         3258    i.MemManage_Handler  stm32f10x_it.o
    0x08004656   0x00000002   Code   RO         3259    i.NMI_Handler       stm32f10x_it.o
    0x08004658   0x00000070   Code   RO          137    i.NVIC_Init         misc.o
    0x080046c8   0x00000014   Code   RO          138    i.NVIC_PriorityGroupConfig  misc.o
    0x080046dc   0x00000070   Code   RO         4508    i.OFFLineSettingData_Read  bsp_setdata_eeprom.o
    0x0800474c   0x0000003c   Code   RO         4509    i.OFFLineSettingData_Save  bsp_setdata_eeprom.o
    0x08004788   0x00000024   Code   RO         4510    i.OfflineDataRecovery  bsp_setdata_eeprom.o
    0x080047ac   0x000000cc   Code   RO         3695    i.PORT_Assignment   bsp_hj12864d.o
    0x08004878   0x0000001c   Code   RO         3696    i.Page0             bsp_hj12864d.o
    0x08004894   0x000001ac   Code   RO         3697    i.Page1             bsp_hj12864d.o
    0x08004a40   0x000000cc   Code   RO         3698    i.Page10            bsp_hj12864d.o
    0x08004b0c   0x00000168   Code   RO         3699    i.Page11            bsp_hj12864d.o
    0x08004c74   0x000000ec   Code   RO         3700    i.Page12            bsp_hj12864d.o
    0x08004d60   0x00000048   Code   RO         3701    i.Page13            bsp_hj12864d.o
    0x08004da8   0x00000048   Code   RO         3702    i.Page14            bsp_hj12864d.o
    0x08004df0   0x00000070   Code   RO         3703    i.Page15            bsp_hj12864d.o
    0x08004e60   0x000000dc   Code   RO         3704    i.Page16            bsp_hj12864d.o
    0x08004f3c   0x00000168   Code   RO         3705    i.Page18            bsp_hj12864d.o
    0x080050a4   0x000000cc   Code   RO         3706    i.Page19            bsp_hj12864d.o
    0x08005170   0x00000228   Code   RO         3707    i.Page2             bsp_hj12864d.o
    0x08005398   0x000002d4   Code   RO         3708    i.Page20            bsp_hj12864d.o
    0x0800566c   0x000003c0   Code   RO         3709    i.Page21            bsp_hj12864d.o
    0x08005a2c   0x00000358   Code   RO         3710    i.Page22            bsp_hj12864d.o
    0x08005d84   0x0000004c   Code   RO         3711    i.Page23            bsp_hj12864d.o
    0x08005dd0   0x0000004c   Code   RO         3712    i.Page24            bsp_hj12864d.o
    0x08005e1c   0x00000180   Code   RO         3713    i.Page25            bsp_hj12864d.o
    0x08005f9c   0x00000048   Code   RO         3714    i.Page26            bsp_hj12864d.o
    0x08005fe4   0x00000294   Code   RO         3715    i.Page27            bsp_hj12864d.o
    0x08006278   0x00000044   Code   RO         3716    i.Page28            bsp_hj12864d.o
    0x080062bc   0x00000044   Code   RO         3717    i.Page29            bsp_hj12864d.o
    0x08006300   0x00000164   Code   RO         3718    i.Page3             bsp_hj12864d.o
    0x08006464   0x00000044   Code   RO         3719    i.Page30            bsp_hj12864d.o
    0x080064a8   0x00000048   Code   RO         3720    i.Page31            bsp_hj12864d.o
    0x080064f0   0x00000044   Code   RO         3721    i.Page32            bsp_hj12864d.o
    0x08006534   0x00000344   Code   RO         3722    i.Page33            bsp_hj12864d.o
    0x08006878   0x0000016c   Code   RO         3723    i.Page33_TimeShow   bsp_hj12864d.o
    0x080069e4   0x00000368   Code   RO         3724    i.Page34            bsp_hj12864d.o
    0x08006d4c   0x00000038   Code   RO         3725    i.Page35            bsp_hj12864d.o
    0x08006d84   0x0000009c   Code   RO         3726    i.Page36            bsp_hj12864d.o
    0x08006e20   0x000000d0   Code   RO         3727    i.Page4             bsp_hj12864d.o
    0x08006ef0   0x00000364   Code   RO         3728    i.Page5             bsp_hj12864d.o
    0x08007254   0x000000cc   Code   RO         3729    i.Page6             bsp_hj12864d.o
    0x08007320   0x00000040   Code   RO         3730    i.Page7             bsp_hj12864d.o
    0x08007360   0x000004c8   Code   RO         3731    i.Page8             bsp_hj12864d.o
    0x08007828   0x000004fc   Code   RO         3732    i.Page9             bsp_hj12864d.o
    0x08007d24   0x00000002   Code   RO         3260    i.PendSV_Handler    stm32f10x_it.o
    0x08007d26   0x00000002   PAD
    0x08007d28   0x00000020   Code   RO         1707    i.RCC_AHBPeriphClockCmd  stm32f10x_rcc.o
    0x08007d48   0x00000020   Code   RO         1708    i.RCC_APB1PeriphClockCmd  stm32f10x_rcc.o
    0x08007d68   0x00000020   Code   RO         1710    i.RCC_APB2PeriphClockCmd  stm32f10x_rcc.o
    0x08007d88   0x000000d4   Code   RO         1718    i.RCC_GetClocksFreq  stm32f10x_rcc.o
    0x08007e5c   0x00000040   Code   RO         3577    i.RS422_IO_Init     bsp_usart_dma.o
    0x08007e9c   0x00000034   Code   RO         4298    i.RTCDataGet        bsp_sd3078.o
    0x08007ed0   0x0000006c   Code   RO         3733    i.RTCUpdata         bsp_hj12864d.o
    0x08007f3c   0x00000086   Code   RO         4299    i.RTC_ReadDate      bsp_sd3078.o
    0x08007fc2   0x00000080   Code   RO         4300    i.RTC_WriteDate     bsp_sd3078.o
    0x08008042   0x00000002   PAD
    0x08008044   0x000000c4   Code   RO         4511    i.RecoverData_Read  bsp_setdata_eeprom.o
    0x08008108   0x0000010c   Code   RO         4512    i.RecoverData_Write  bsp_setdata_eeprom.o
    0x08008214   0x00000048   Code   RO         4301    i.SD3078Init        bsp_sd3078.o
    0x0800825c   0x00000018   Code   RO         2187    i.SPI_Cmd           stm32f10x_spi.o
    0x08008274   0x00000050   Code   RO         3456    i.SPI_FLASH_BufferRead  bsp_spi_flash.o
    0x080082c4   0x000000bc   Code   RO         3459    i.SPI_FLASH_Init    bsp_spi_flash.o
    0x08008380   0x00000078   Code   RO         3465    i.SPI_FLASH_SendByte  bsp_spi_flash.o
    0x080083f8   0x00000012   Code   RO         2195    i.SPI_I2S_GetFlagStatus  stm32f10x_spi.o
    0x0800840a   0x00000006   Code   RO         2198    i.SPI_I2S_ReceiveData  stm32f10x_spi.o
    0x08008410   0x00000004   Code   RO         2199    i.SPI_I2S_SendData  stm32f10x_spi.o
    0x08008414   0x0000003c   Code   RO         2200    i.SPI_Init          stm32f10x_spi.o
    0x08008450   0x00000040   Code   RO         3472    i.SPI_TIMEOUT_UserCallback  bsp_spi_flash.o
    0x08008490   0x00000002   Code   RO         3261    i.SVC_Handler       stm32f10x_it.o
    0x08008492   0x00000032   Code   RO         4513    i.SavingDataReadOout  bsp_setdata_eeprom.o
    0x080084c4   0x00000094   Code   RO         4453    i.SendData          bsp_updowndata.o
    0x08008558   0x00000148   Code   RO         4454    i.SendSetUpData     bsp_updowndata.o
    0x080086a0   0x00000008   Code   RO           24    i.SetSysClock       system_stm32f10x.o
    0x080086a8   0x000000e0   Code   RO           25    i.SetSysClockTo72   system_stm32f10x.o
    0x08008788   0x000000a4   Code   RO         3734    i.SettingUpDisplay  bsp_hj12864d.o
    0x0800882c   0x00000002   Code   RO         3262    i.SysTick_Handler   stm32f10x_it.o
    0x0800882e   0x00000002   PAD
    0x08008830   0x00000060   Code   RO           27    i.SystemInit        system_stm32f10x.o
    0x08008890   0x0000013c   Code   RO         4186    i.TIM6_IRQHandler   bsp_timbase.o
    0x080089cc   0x00000006   Code   RO         2336    i.TIM_ClearFlag     stm32f10x_tim.o
    0x080089d2   0x00000006   Code   RO         2337    i.TIM_ClearITPendingBit  stm32f10x_tim.o
    0x080089d8   0x00000018   Code   RO         2342    i.TIM_Cmd           stm32f10x_tim.o
    0x080089f0   0x00000022   Code   RO         2363    i.TIM_GetITStatus   stm32f10x_tim.o
    0x08008a12   0x00000012   Code   RO         2367    i.TIM_ITConfig      stm32f10x_tim.o
    0x08008a24   0x0000007c   Code   RO         2386    i.TIM_OC4Init       stm32f10x_tim.o
    0x08008aa0   0x0000001a   Code   RO         2388    i.TIM_OC4PreloadConfig  stm32f10x_tim.o
    0x08008aba   0x00000002   PAD
    0x08008abc   0x000000a4   Code   RO         2413    i.TIM_TimeBaseInit  stm32f10x_tim.o
    0x08008b60   0x0000001a   Code   RO         4514    i.TransmitData      bsp_setdata_eeprom.o
    0x08008b7a   0x00000002   PAD
    0x08008b7c   0x0000028c   Code   RO         3735    i.UIDisplay         bsp_hj12864d.o
    0x08008e08   0x0000004c   Code   RO         3578    i.USART1_IRQHandler  bsp_usart_dma.o
    0x08008e54   0x0000001e   Code   RO         2875    i.USART_ClearITPendingBit  stm32f10x_usart.o
    0x08008e72   0x00000018   Code   RO         2878    i.USART_Cmd         stm32f10x_usart.o
    0x08008e8a   0x00000002   PAD
    0x08008e8c   0x000000b4   Code   RO         3579    i.USART_Config      bsp_usart_dma.o
    0x08008f40   0x00000012   Code   RO         2879    i.USART_DMACmd      stm32f10x_usart.o
    0x08008f52   0x0000001a   Code   RO         2881    i.USART_GetFlagStatus  stm32f10x_usart.o
    0x08008f6c   0x00000054   Code   RO         2882    i.USART_GetITStatus  stm32f10x_usart.o
    0x08008fc0   0x0000004a   Code   RO         2884    i.USART_ITConfig    stm32f10x_usart.o
    0x0800900a   0x00000002   PAD
    0x0800900c   0x000000d8   Code   RO         2885    i.USART_Init        stm32f10x_usart.o
    0x080090e4   0x0000000a   Code   RO         2892    i.USART_ReceiveData  stm32f10x_usart.o
    0x080090ee   0x00000008   Code   RO         2895    i.USART_SendData    stm32f10x_usart.o
    0x080090f6   0x00000002   PAD
    0x080090f8   0x000000e4   Code   RO         3580    i.USARTx_DMA_Config  bsp_usart_dma.o
    0x080091dc   0x00000010   Code   RO         3581    i.USARTx_DMA_Init   bsp_usart_dma.o
    0x080091ec   0x00000004   Code   RO         3263    i.UsageFault_Handler  stm32f10x_it.o
    0x080091f0   0x00000016   Code   RO         3736    i.WindowClear       bsp_hj12864d.o
    0x08009206   0x00000046   Code   RO         4305    i.WriteRTC_Disable  bsp_sd3078.o
    0x0800924c   0x00000062   Code   RO         4306    i.WriteRTC_Enable   bsp_sd3078.o
    0x080092ae   0x00000002   PAD
    0x080092b0   0x00000020   Code   RO         4655    i.__0printf$1       mc_w.l(printf1.o)
    0x080092d0   0x0000000e   Code   RO         4913    i.__scatterload_copy  mc_w.l(handlers.o)
    0x080092de   0x00000002   Code   RO         4914    i.__scatterload_null  mc_w.l(handlers.o)
    0x080092e0   0x0000000e   Code   RO         4915    i.__scatterload_zeroinit  mc_w.l(handlers.o)
    0x080092ee   0x00000002   PAD
    0x080092f0   0x00000154   Code   RO         4662    i._printf_core      mc_w.l(printf1.o)
    0x08009444   0x00000036   Code   RO         4455    i.crc16l            bsp_updowndata.o
    0x0800947a   0x0000000a   Code   RO         3737    i.delay             bsp_hj12864d.o
    0x08009484   0x00000038   Code   RO         3738    i.delay_ms          bsp_hj12864d.o
    0x080094bc   0x00000196   Code   RO         3741    i.display_graphic_12x12  bsp_hj12864d.o
    0x08009652   0x00000196   Code   RO         3742    i.display_graphic_16x16  bsp_hj12864d.o
    0x080097e8   0x0000028c   Code   RO         3743    i.display_string_5x8  bsp_hj12864d.o
    0x08009a74   0x0000025e   Code   RO         3744    i.display_string_8x16  bsp_hj12864d.o
    0x08009cd2   0x00000084   Code   RO         3745    i.dispsameone       bsp_hj12864d.o
    0x08009d56   0x00000016   Code   RO         3320    i.ee_CheckOk        bsp_i2c_ee.o
    0x08009d6c   0x0000007e   Code   RO         3322    i.ee_ReadBytes      bsp_i2c_ee.o
    0x08009dea   0x00000060   Code   RO         3323    i.ee_ReadOneBytes   bsp_i2c_ee.o
    0x08009e4a   0x0000008e   Code   RO         3325    i.ee_WriteBytes     bsp_i2c_ee.o
    0x08009ed8   0x0000006e   Code   RO         3326    i.ee_WriteOneBytes  bsp_i2c_ee.o
    0x08009f46   0x00000002   PAD
    0x08009f48   0x00000024   Code   RO         3588    i.fputc             bsp_usart_dma.o
    0x08009f6c   0x00000030   Code   RO         3389    i.i2c_Ack           bsp_i2c_gpio.o
    0x08009f9c   0x00000030   Code   RO         3390    i.i2c_CfgGpio       bsp_i2c_gpio.o
    0x08009fcc   0x00000020   Code   RO         3391    i.i2c_CheckDevice   bsp_i2c_gpio.o
    0x08009fec   0x0000000e   Code   RO         3392    i.i2c_Delay         bsp_i2c_gpio.o
    0x08009ffa   0x00000002   PAD
    0x08009ffc   0x00000028   Code   RO         3393    i.i2c_NAck          bsp_i2c_gpio.o
    0x0800a024   0x00000044   Code   RO         3394    i.i2c_ReadByte      bsp_i2c_gpio.o
    0x0800a068   0x00000054   Code   RO         3395    i.i2c_SendByte      bsp_i2c_gpio.o
    0x0800a0bc   0x00000030   Code   RO         3396    i.i2c_Start         bsp_i2c_gpio.o
    0x0800a0ec   0x00000020   Code   RO         3397    i.i2c_Stop          bsp_i2c_gpio.o
    0x0800a10c   0x0000003c   Code   RO         3398    i.i2c_WaitAck       bsp_i2c_gpio.o
    0x0800a148   0x0000006c   Code   RO         3747    i.lcdint            bsp_hj12864d.o
    0x0800a1b4   0x00000068   Code   RO         3108    i.main              main.o
    0x0800a21c   0x00000064   Code   RO         3748    i.wrcomL            bsp_hj12864d.o
    0x0800a280   0x00000064   Code   RO         3749    i.wrcomR            bsp_hj12864d.o
    0x0800a2e4   0x00000064   Code   RO         3750    i.wrdataL           bsp_hj12864d.o
    0x0800a348   0x00000064   Code   RO         3751    i.wrdataR           bsp_hj12864d.o
    0x0800a3ac   0x00000020   Data   RO         4911    Region$$Table       anon$$obj.o


    Execution Region RW_IRAM1 (Base: 0x20000000, Size: 0x00000a00, Max: 0x0000c000, ABSOLUTE, COMPRESSED[0x00000240])

    Base Addr    Size         Type   Attr      Idx    E Section Name        Object

    0x20000000   0x00000014   Data   RW         1738    .data               stm32f10x_rcc.o
    0x20000014   0x00000004   Data   RW         3474    .data               bsp_spi_flash.o
    0x20000018   0x00000004   Data   RW         3590    .data               bsp_usart_dma.o
    0x2000001c   0x000003d0   Data   RW         3753    .data               bsp_hj12864d.o
    0x200003ec   0x0000001d   Data   RW         4146    .data               bsp_key.o
    0x20000409   0x00000001   PAD
    0x2000040a   0x00000004   Data   RW         4187    .data               bsp_timbase.o
    0x2000040e   0x00000001   Data   RW         4232    .data               bsp_led.o
    0x2000040f   0x00000001   PAD
    0x20000410   0x00000018   Data   RW         4307    .data               bsp_sd3078.o
    0x20000428   0x00000002   Data   RW         4423    .data               bsp_iwdg.o
    0x2000042a   0x00000009   Data   RW         4457    .data               bsp_updowndata.o
    0x20000433   0x00000001   PAD
    0x20000434   0x0000001a   Data   RW         4516    .data               bsp_setdata_eeprom.o
    0x2000044e   0x00000002   PAD
    0x20000450   0x00000004   Data   RW         4885    .data               mc_w.l(stdout.o)
    0x20000454   0x000000c8   Zero   RW         3589    .bss                bsp_usart_dma.o
    0x2000051c   0x0000000b   Zero   RW         3752    .bss                bsp_hj12864d.o
    0x20000527   0x00000001   PAD
    0x20000528   0x00000012   Zero   RW         4145    .bss                bsp_key.o
    0x2000053a   0x0000002a   Zero   RW         4456    .bss                bsp_updowndata.o
    0x20000564   0x00000097   Zero   RW         4515    .bss                bsp_setdata_eeprom.o
    0x200005fb   0x00000005   PAD
    0x20000600   0x00000400   Zero   RW            1    STACK               startup_stm32f10x_hd.o


==============================================================================

Image component sizes


      Code (inc. data)   RO Data    RW Data    ZI Data      Debug   Object Name

       168         14          0          0          0       1980   bsp_generaltim_pwm.o
     21502       3184          0        976         11      48535   bsp_hj12864d.o
       496          0          0          0          0       3829   bsp_i2c_ee.o
       474         38          0          0          0       4886   bsp_i2c_gpio.o
        78          4          0          2          0       1662   bsp_iwdg.o
      9260        642          0         29         18       7817   bsp_key.o
       276         32          0          1          0       1225   bsp_led.o
      1372         64          0         24          0      11681   bsp_sd3078.o
      1038         68          0         26        151       9531   bsp_setdata_eeprom.o
       452         72          0          4          0       2881   bsp_spi_flash.o
       434         66          0          4          0       2278   bsp_timbase.o
      1630        166          0          9         42       6631   bsp_updowndata.o
       750         80          0          4        200       6711   bsp_usart_dma.o
         0          0          0          0          0       4504   core_cm3.o
       104          6          0          0          0     222788   main.o
       132         22          0          0          0       1643   misc.o
        36          8        304          0       1024        852   startup_stm32f10x_hd.o
       546         36          0          0          0       7063   stm32f10x_dma.o
       448          6          0          0          0       4654   stm32f10x_gpio.o
        26          0          0          0          0       3746   stm32f10x_it.o
        68         30          0          0          0       2622   stm32f10x_iwdg.o
       308         38          0         20          0       5166   stm32f10x_rcc.o
       112          0          0          0          0       4006   stm32f10x_spi.o
       402         52          0          0          0       5631   stm32f10x_tim.o
       490          6          0          0          0       7650   stm32f10x_usart.o
       328         28          0          0          0     267269   system_stm32f10x.o

    ----------------------------------------------------------------------
     40970       4662        336       1104       1452     647241   Object Totals
         0          0         32          0          0          0   (incl. Generated)
        40          0          0          5          6          0   (incl. Padding)

    ----------------------------------------------------------------------

      Code (inc. data)   RO Data    RW Data    ZI Data      Debug   Library Member Name

        86          0          0          0          0          0   __dczerorl2.o
         0          0          0          0          0          0   entry.o
         0          0          0          0          0          0   entry10a.o
         0          0          0          0          0          0   entry11a.o
         8          4          0          0          0          0   entry2.o
         4          0          0          0          0          0   entry5.o
         0          0          0          0          0          0   entry7b.o
         0          0          0          0          0          0   entry8b.o
         8          4          0          0          0          0   entry9a.o
        30          0          0          0          0          0   handlers.o
        36          8          0          0          0         68   init.o
        36          0          0          0          0         68   memcpya.o
       372         14          0          0          0        184   printf1.o
         0          0          0          4          0          0   stdout.o
        44          0          0          0          0         80   uidiv.o

    ----------------------------------------------------------------------
       626         30          0          4          0        400   Library Totals
         2          0          0          0          0          0   (incl. Padding)

    ----------------------------------------------------------------------

      Code (inc. data)   RO Data    RW Data    ZI Data      Debug   Library Name

       624         30          0          4          0        400   mc_w.l

    ----------------------------------------------------------------------
       626         30          0          4          0        400   Library Totals

    ----------------------------------------------------------------------

==============================================================================


      Code (inc. data)   RO Data    RW Data    ZI Data      Debug   

     41596       4692        336       1108       1452     637109   Grand Totals
     41596       4692        336        576       1452     637109   ELF Image Totals (compressed)
     41596       4692        336        576          0          0   ROM Totals

==============================================================================

    Total RO  Size (Code + RO Data)                41932 (  40.95kB)
    Total RW  Size (RW Data + ZI Data)              2560 (   2.50kB)
    Total ROM Size (Code + RO Data + RW Data)      42508 (  41.51kB)

==============================================================================

