<html>
<body>
<pre>
<h1>µVision Build Log</h1>
<h2>Project:</h2>
D:\1.œ‘ æ√Ê∞Â\SoftWare\RG-DSY_Ver2.0\Project\BH-F103.uvprojx
Project File Date:  10/09/2021

<h2>Output:</h2>
Build target 'DSY'
compiling main.c...
compiling bsp_spi_flash.c...
compiling bsp_hj12864d.c...
compiling bsp_key.c...
compiling bsp_UpDownData.c...
compiling bsp_setdata_eeprom.c...
linking...
Program Size: Code=41596 RO-data=336 RW-data=1108 ZI-data=1452  
FromELF: creating hex file...
".\Objects\DSY.axf" - 0 Error(s), 0 Warning(s).
</pre>
</body>
</html>
